# Legend:
# OcB origin = O20/A x B10.O20/Dem
# O = O20/A
# B = B10.O20/Dem
# . = untyped
# Z = heterozygous
# X = new allele
# ? = ambigous typing
# * = inconsistent typing
#
# field 1: RI set designation
# field 2: chromosome
# field 3: cM  (-1.0 = syntenic)
# field 4: marker symbol
# field 5: marker ID
# field 6: allele symbol
# field 7-19: 1 2 3 4 5 6 7 8 9 10 11 12 13 14 15 16 17 19 20
# field 20: reference
# field 21: reference citation
#
OcB	1	-1.0	D1Mit12	MGI:91490		O	O	O	O	O	O	O	O	O	O	O	O	O	O	O	O	O	O	O	J:31555	Stassen AP, Mamm Genome 1996 Jan;7(1):55-8	
OcB	1	-1.0	Pepc	MGI:97541		O	O	O	Z	O	B	O	O	O	B	.	.	.	.	.	.	O	.	O	J:31555	Stassen AP, Mamm Genome 1996 Jan;7(1):55-8	
OcB	1	2.57	D1Mit1	MGI:91467		O	O	B	O	O	O	O	O	O	O	O	O	O	B	B	O	B	.	.	J:31555	Stassen AP, Mamm Genome 1996 Jan;7(1):55-8	
OcB	1	3.67	D1Mit64	MGI:91714		O	O	B	O	O	O	O	O	O	O	O	O	O	O	O	O	O	.	.	J:31555	Stassen AP, Mamm Genome 1996 Jan;7(1):55-8	
OcB	1	5.1	D1Mit168	MGI:91543		O	O	B	O	O	O	O	O	O	O	O	O	O	O	B	O	B	O	O	J:31555	Stassen AP, Mamm Genome 1996 Jan;7(1):55-8	
OcB	1	6.27	D1Mit3	MGI:91682		O	.	B	O	O	O	O	O	O	O	O	.	O	Z	B	O	B	.	.	J:31555	Stassen AP, Mamm Genome 1996 Jan;7(1):55-8	
OcB	1	6.5	D1Mit4	MGI:91690		.	O	B	O	O	O	O	O	O	O	O	O	O	O	B	O	B	O	O	J:31555	Stassen AP, Mamm Genome 1996 Jan;7(1):55-8	
OcB	1	10.59	D1Mit211	MGI:91591		O	O	B	X	O	O	O	O	O	O	O	O	O	O	O	O	B	O	O	J:31555	Stassen AP, Mamm Genome 1996 Jan;7(1):55-8	
OcB	1	15.15	D1Mit170	MGI:91546		O	O	B	O	O	O	O	O	O	.	.	O	O	O	O	O	B	O	.	J:31555	Stassen AP, Mamm Genome 1996 Jan;7(1):55-8	
OcB	1	15.4	D1Mit171	MGI:91547		O	.	B	O	O	O	O	O	O	O	O	O	O	O	O	O	B	O	O	J:31555	Stassen AP, Mamm Genome 1996 Jan;7(1):55-8	
OcB	1	18.85	D1Mit232	MGI:91614		O	.	B	O	O	O	O	O	O	O	O	O	O	O	O	O	B	O	O	J:31555	Stassen AP, Mamm Genome 1996 Jan;7(1):55-8	
OcB	1	20.67	D1Mit233	MGI:91615		O	O	B	O	O	O	O	O	O	O	O	O	O	O	O	O	B	O	O	J:31555	Stassen AP, Mamm Genome 1996 Jan;7(1):55-8	
OcB	1	23.93	D1Mit234	MGI:91616		O	O	B	O	O	O	O	O	O	O	O	O	O	O	O	O	B	O	O	J:31555	Stassen AP, Mamm Genome 1996 Jan;7(1):55-8	
OcB	1	32.31	D1Mit5.1	MGI:91699		O	O	O	O	O	O	O	O	O	O	B	O	O	O	O	O	B	.	O	J:31555	Stassen AP, Mamm Genome 1996 Jan;7(1):55-8	
OcB	1	33.72	D1Mit21	MGI:91589		O	O	O	O	O	O	O	O	O	O	B	O	O	O	O	O	B	O	O	J:31555	Stassen AP, Mamm Genome 1996 Jan;7(1):55-8	
OcB	1	38.2	D1Mit180	MGI:91557		O	O	O	O	O	B	O	O	O	O	B	O	O	O	O	O	B	O	O	J:31555	Stassen AP, Mamm Genome 1996 Jan;7(1):55-8	
OcB	1	38.54	D1Mit24	MGI:91622		O	O	O	O	O	B	O	O	O	O	B	O	O	O	O	O	B	O	O	J:31555	Stassen AP, Mamm Genome 1996 Jan;7(1):55-8	
OcB	1	38.58	D1Mit23	MGI:91611		O	O	O	O	O	B	O	O	O	O	B	O	O	O	O	O	B	O	O	J:31555	Stassen AP, Mamm Genome 1996 Jan;7(1):55-8	
OcB	1	39.16	D1Mit46	MGI:91695		O	O	O	O	O	B	O	O	O	O	B	O	O	O	O	O	O	O	O	J:31555	Stassen AP, Mamm Genome 1996 Jan;7(1):55-8	
OcB	1	39.91	D1Mit215	MGI:91595		O	O	O	O	O	B	O	O	O	O	B	O	O	O	O	O	O	O	O	J:31555	Stassen AP, Mamm Genome 1996 Jan;7(1):55-8	
OcB	1	42.63	D1Mit8	MGI:91731		.	O	O	O	O	B	O	O	O	O	B	O	O	O	O	O	O	O	O	J:31555	Stassen AP, Mamm Genome 1996 Jan;7(1):55-8	
OcB	1	44.07	D1Mit49	MGI:91698		O	O	O	O	O	B	O	O	O	O	B	O	O	O	O	O	O	O	O	J:31555	Stassen AP, Mamm Genome 1996 Jan;7(1):55-8	
OcB	1	45.53	D1Mit10	MGI:91468		O	O	O	O	O	B	O	O	O	O	O	O	O	O	O	O	O	O	O	J:31555	Stassen AP, Mamm Genome 1996 Jan;7(1):55-8	
OcB	1	47.76	D1Mit11	MGI:91479		O	O	O	O	.	B	O	O	.	O	O	O	O	O	.	.	O	.	.	J:31555	Stassen AP, Mamm Genome 1996 Jan;7(1):55-8	
OcB	1	47.76	D1Mit185	MGI:91562		O	O	O	O	O	B	O	O	O	O	O	O	O	O	O	O	O	O	O	J:31555	Stassen AP, Mamm Genome 1996 Jan;7(1):55-8	
OcB	1	50.84	D1Nds2	MGI:91836		O	O	O	O	O	O	O	O	O	O	O	O	O	O	.	.	O	O	.	J:31555	Stassen AP, Mamm Genome 1996 Jan;7(1):55-8	
OcB	1	52.73	D1Mit28	MGI:91666		O	O	O	O	O	O	O	O	O	O	O	O	O	O	O	O	O	O	O	J:31555	Stassen AP, Mamm Genome 1996 Jan;7(1):55-8	
OcB	1	54.7	D1Mit192	MGI:91569		O	O	O	O	O	O	O	O	O	O	O	O	O	O	O	O	O	O	O	J:31555	Stassen AP, Mamm Genome 1996 Jan;7(1):55-8	
OcB	1	57.91	D1Mit30	MGI:91683		O	O	O	O	O	O	O	O	O	O	O	O	O	O	O	O	O	O	O	J:31555	Stassen AP, Mamm Genome 1996 Jan;7(1):55-8	
OcB	1	57.92	D1Mit164	MGI:91539		O	O	O	O	O	O	O	O	O	O	O	O	O	O	.	O	O	O	O	J:31555	Stassen AP, Mamm Genome 1996 Jan;7(1):55-8	
OcB	1	63.84	D1Mit200	MGI:91579		O	O	O	O	O	O	O	O	O	O	X	O	O	O	O	O	O	O	O	J:31555	Stassen AP, Mamm Genome 1996 Jan;7(1):55-8	
OcB	1	65.33	D1Mit43	MGI:91692		O	O	O	O	O	O	.	O	O	.	B	O	O	O	O	.	.	.	.	J:31555	Stassen AP, Mamm Genome 1996 Jan;7(1):55-8	
OcB	1	67.71	D1Mit14	MGI:91512		O	O	O	O	O	.	O	O	O	O	B	B	O	O	O	O	O	O	O	J:31555	Stassen AP, Mamm Genome 1996 Jan;7(1):55-8	
OcB	1	68.28	D1Mit227	MGI:91608		O	O	.	O	O	O	O	O	O	B	O	B	O	O	O	O	O	O	.	J:31555	Stassen AP, Mamm Genome 1996 Jan;7(1):55-8	
OcB	1	68.38	D1Mit33	MGI:91685		O	.	O	O	O	O	O	O	O	B	O	B	O	O	O	O	O	O	O	J:31555	Stassen AP, Mamm Genome 1996 Jan;7(1):55-8	
OcB	1	75.1	D1Mit16	MGI:91534		O	O	O	B	O	B	O	O	O	O	Z	Z	O	O	O	O	O	O	O	J:31555	Stassen AP, Mamm Genome 1996 Jan;7(1):55-8	
OcB	1	76.25	D1Mit15	MGI:91523		O	O	O	B	O	B	O	O	O	O	Z	Z	.	O	O	O	O	O	O	J:31555	Stassen AP, Mamm Genome 1996 Jan;7(1):55-8	
OcB	1	76.73	D1Mit36	MGI:91688		O	O	O	B	O	B	.	O	O	O	Z	Z	B	O	.	.	.	.	O	J:31555	Stassen AP, Mamm Genome 1996 Jan;7(1):55-8	
OcB	1	76.84	D1Mit205	MGI:91584		O	O	O	B	O	B	O	O	O	O	O	O	O	O	O	O	O	O	O	J:31555	Stassen AP, Mamm Genome 1996 Jan;7(1):55-8	
OcB	1	89.05	D1Mit220	MGI:91601		O	.	O	O	O	O	O	O	O	O	O	B	O	O	O	B	O	O	O	J:31555	Stassen AP, Mamm Genome 1996 Jan;7(1):55-8	
OcB	1	89.46	D1Mit221	MGI:91602		O	O	.	O	O	O	O	O	O	O	O	B	O	O	O	B	O	O	.	J:31555	Stassen AP, Mamm Genome 1996 Jan;7(1):55-8	
OcB	1	89.54	D1Mit208	MGI:91587		O	O	O	O	O	O	O	O	O	O	O	B	O	O	O	B	O	O	O	J:31555	Stassen AP, Mamm Genome 1996 Jan;7(1):55-8	
OcB	1	95.03	D1Mit17	MGI:91545		O	O	O	O	O	O	O	O	O	O	Z	B	O	O	O	B	O	B	O	J:31555	Stassen AP, Mamm Genome 1996 Jan;7(1):55-8	
OcB	1	98.2	D1Mit155	MGI:91529		O	O	O	O	O	O	O	O	O	O	O	B	O	O	O	B	.	B	.	J:31555	Stassen AP, Mamm Genome 1996 Jan;7(1):55-8	
OcB	10	-1.0	D10Mit51	MGI:88835		O	O	B	B	B	O	B	O	O	O	O	B	O	O	O	O	O	O	B	J:31555	Stassen AP, Mamm Genome 1996 Jan;7(1):55-8	
OcB	10	1.91	D10Mit49	MGI:88832		O	O	B	O	B	O	B	O	O	B	O	B	O	O	O	O	O	B	.	J:31555	Stassen AP, Mamm Genome 1996 Jan;7(1):55-8	
OcB	10	3.04	D10Mit28	MGI:88811		O	O	B	B	B	O	B	O	O	B	O	B	O	O	O	O	O	B	.	J:31555	Stassen AP, Mamm Genome 1996 Jan;7(1):55-8	
OcB	10	35.26	D10Mit31	MGI:88815		O	O	O	O	B	O	B	O	O	O	O	O	O	O	B	O	O	O	B	J:31555	Stassen AP, Mamm Genome 1996 Jan;7(1):55-8	
OcB	10	39.72	D10Mit139	MGI:88758		O	O	O	O	O	O	B	O	O	O	O	O	O	O	B	O	O	O	O	J:31555	Stassen AP, Mamm Genome 1996 Jan;7(1):55-8	
OcB	10	39.72	D10Mit21	MGI:88806		O	O	O	O	O	O	B	O	O	O	O	O	O	O	B	O	O	O	O	J:31555	Stassen AP, Mamm Genome 1996 Jan;7(1):55-8	
OcB	10	39.72	D10Mit23	MGI:88808		O	O	O	O	O	O	B	O	O	O	O	O	O	O	B	O	O	O	O	J:31555	Stassen AP, Mamm Genome 1996 Jan;7(1):55-8	
OcB	10	39.72	D10Mit42	MGI:88825		O	O	O	O	O	O	B	O	O	O	O	O	O	O	B	O	O	O	O	J:31555	Stassen AP, Mamm Genome 1996 Jan;7(1):55-8	
OcB	10	39.72	D10Mit7	MGI:88854		.	.	O	O	O	O	B	O	O	O	O	.	O	O	B	O	O	O	O	J:31555	Stassen AP, Mamm Genome 1996 Jan;7(1):55-8	
OcB	10	41.37	D10Mit131	MGI:88750		O	O	O	O	O	O	B	O	O	O	O	O	O	O	B	O	O	O	O	J:31555	Stassen AP, Mamm Genome 1996 Jan;7(1):55-8	
OcB	10	42.5	D10Mit8	MGI:88865		O	O	O	O	.	O	B	O	O	O	O	O	O	O	B	O	O	O	O	J:31555	Stassen AP, Mamm Genome 1996 Jan;7(1):55-8	
OcB	10	45.35	D10Mit67	MGI:88851		O	O	O	O	O	O	B	O	O	O	O	O	O	O	B	O	O	O	O	J:31555	Stassen AP, Mamm Genome 1996 Jan;7(1):55-8	
OcB	10	46.85	D10Mit10	MGI:88715		.	O	O	O	O	O	B	O	O	O	O	O	O	O	B	O	O	O	O	J:31555	Stassen AP, Mamm Genome 1996 Jan;7(1):55-8	
OcB	10	46.97	D10Mit11	MGI:88726		O	O	O	O	O	O	B	O	O	O	O	O	O	O	B	O	O	O	O	J:31555	Stassen AP, Mamm Genome 1996 Jan;7(1):55-8	
OcB	10	47.46	D10Mit68	MGI:88852		O	O	O	O	O	O	B	O	O	O	O	O	O	.	B	O	O	O	O	J:31555	Stassen AP, Mamm Genome 1996 Jan;7(1):55-8	
OcB	10	51.15	D10Mit12	MGI:88737		O	O	O	O	O	O	B	O	B	O	O	O	O	O	B	O	O	O	O	J:31555	Stassen AP, Mamm Genome 1996 Jan;7(1):55-8	
OcB	10	54.72	D10Mit122	MGI:88740		O	O	O	O	B	O	O	O	B	O	O	O	O	O	B	B	O	O	O	J:31555	Stassen AP, Mamm Genome 1996 Jan;7(1):55-8	
OcB	10	54.72	D10Mit133	MGI:88752		O	O	O	O	B	O	O	O	B	O	O	O	O	O	B	B	O	O	O	J:31555	Stassen AP, Mamm Genome 1996 Jan;7(1):55-8	
OcB	10	55.13	D10Nds2	MGI:88924		O	O	O	O	B	O	O	O	B	O	O	O	O	O	B	B	O	O	O	J:31555	Stassen AP, Mamm Genome 1996 Jan;7(1):55-8	
OcB	10	70.36	D10Mit25	MGI:88810		O	O	O	O	B	O	O	O	O	O	O	O	O	O	O	B	B	O	O	J:31555	Stassen AP, Mamm Genome 1996 Jan;7(1):55-8	
OcB	10	70.36	D10Mit35a	MGI:88819		O	O	O	O	B	O	O	O	O	O	O	O	O	O	.	B	B	.	O	J:31555	Stassen AP, Mamm Genome 1996 Jan;7(1):55-8	
OcB	10	72.35	D10Mit145	MGI:88765		O	O	O	O	B	O	O	O	O	O	O	O	O	O	O	B	B	O	O	J:31555	Stassen AP, Mamm Genome 1996 Jan;7(1):55-8	
OcB	10	73.57	D10Mit103	MGI:88719		O	O	O	O	B	O	O	O	O	O	O	O	O	O	O	.	B	O	O	J:31555	Stassen AP, Mamm Genome 1996 Jan;7(1):55-8	
OcB	10	73.78	D10Mit1002	MGI:92144		O	O	O	B	O	O	O	O	O	O	O	B	B	B	O	O	O	O	B	J:31555	Stassen AP, Mamm Genome 1996 Jan;7(1):55-8	
OcB	11	-1.0	D11Mit31	MGI:89114		O	O	O	O	O	O	B	O	B	O	O	O	.	O	O	O	O	O	O	J:31555	Stassen AP, Mamm Genome 1996 Jan;7(1):55-8	
OcB	11	-1.0	D11Mit35	MGI:89118		O	O	O	O	O	O	O	O	O	O	O	O	B	O	O	O	O	O	O	J:31555	Stassen AP, Mamm Genome 1996 Jan;7(1):55-8	
OcB	11	-1.0	D11Mit38	MGI:89121		O	O	O	O	O	O	O	O	O	.	O	.	.	.	.	.	.	.	.	J:31555	Stassen AP, Mamm Genome 1996 Jan;7(1):55-8	
OcB	11	-1.0	D11Nds15	MGI:89266		O	O	O	O	O	O	O	O	O	O	O	O	.	O	B	O	O	O	O	J:31555	Stassen AP, Mamm Genome 1996 Jan;7(1):55-8	
OcB	11	-1.0	Es3	MGI:95442		O	O	O	O	O	O	O	O	O	O	.	.	.	.	.	.	.	.	O	J:31555	Stassen AP, Mamm Genome 1996 Jan;7(1):55-8	
OcB	11	2.51	D11Mit1	MGI:88978		O	O	O	O	O	O	O	O	O	O	O	O	O	B	O	O	O	O	O	J:31555	Stassen AP, Mamm Genome 1996 Jan;7(1):55-8	
OcB	11	2.94	D11Mit16	MGI:89045		.	O	O	O	O	O	O	O	O	O	O	O	Z	B	O	O	O	O	O	J:31555	Stassen AP, Mamm Genome 1996 Jan;7(1):55-8	
OcB	11	4.7	D11Mit71	MGI:89150		O	O	O	O	O	O	O	O	O	O	O	O	O	B	O	O	O	O	O	J:31555	Stassen AP, Mamm Genome 1996 Jan;7(1):55-8	
OcB	11	9.61	D11Mit63	MGI:89141		O	O	O	O	O	O	O	O	O	O	O	O	O	B	O	O	O	.	O	J:31555	Stassen AP, Mamm Genome 1996 Jan;7(1):55-8	
OcB	11	12.26	D11Nds14	MGI:89265		O	O	O	O	O	O	O	O	O	O	O	O	O	B	O	O	O	O	O	J:31555	Stassen AP, Mamm Genome 1996 Jan;7(1):55-8	
OcB	11	12.91	D11Mit171	MGI:89057		O	O	O	O	O	O	O	O	O	O	O	O	O	B	O	O	O	O	O	J:31555	Stassen AP, Mamm Genome 1996 Jan;7(1):55-8	
OcB	11	15.29	D11Mit151	MGI:89036		O	O	O	O	O	O	O	O	O	O	B	O	O	B	O	O	O	O	O	J:31555	Stassen AP, Mamm Genome 1996 Jan;7(1):55-8	
OcB	11	18.86	D11Mit53	MGI:89133		O	O	O	O	O	O	B	O	O	O	O	O	O	B	O	O	O	O	O	J:31555	Stassen AP, Mamm Genome 1996 Jan;7(1):55-8	
OcB	11	19.32	D11Mit173	MGI:89059		O	O	O	O	O	O	B	O	O	O	O	O	O	B	.	O	O	O	O	J:31555	Stassen AP, Mamm Genome 1996 Jan;7(1):55-8	
OcB	11	25.18	D11Mit174	MGI:89060		O	O	O	O	O	O	B	O	O	O	O	O	O	B	O	O	O	.	.	J:31555	Stassen AP, Mamm Genome 1996 Jan;7(1):55-8	
OcB	11	25.94	D11Mit21	MGI:89099		O	O	O	.	O	O	B	O	O	O	O	O	O	B	O	O	O	.	O	J:31555	Stassen AP, Mamm Genome 1996 Jan;7(1):55-8	
OcB	11	27.23	D11Mit20	MGI:89088		O	O	O	O	O	O	B	O	O	O	.	O	O	B	O	O	O	O	O	J:31555	Stassen AP, Mamm Genome 1996 Jan;7(1):55-8	
OcB	11	31.99	D11Nds9	MGI:89274		O	O	O	O	O	O	B	O	O	O	O	O	O	O	O	O	O	.	O	J:31555	Stassen AP, Mamm Genome 1996 Jan;7(1):55-8	
OcB	11	32.13	Csf2	MGI:1339752		O	O	O	O	O	O	B	O	O	O	O	O	O	O	O	O	O	O	O	J:31555	Stassen AP, Mamm Genome 1996 Jan;7(1):55-8	
OcB	11	32.13	D11Mit23	MGI:89106		O	O	O	O	O	O	B	O	O	O	O	O	O	O	O	O	O	O	O	J:31555	Stassen AP, Mamm Genome 1996 Jan;7(1):55-8	
OcB	11	40.59	D11Mit5	MGI:89129		O	O	O	O	O	Z	.	O	B	O	O	O	O	O	O	O	O	O	O	J:31555	Stassen AP, Mamm Genome 1996 Jan;7(1):55-8	
OcB	11	41.82	D11Mit28	MGI:89111		O	O	O	O	O	O	B	O	B	O	O	O	O	O	O	O	O	O	O	J:31555	Stassen AP, Mamm Genome 1996 Jan;7(1):55-8	
OcB	11	41.87	D11Mit4	MGI:89123		O	O	O	O	O	O	B	O	B	O	O	O	O	O	O	O	O	O	O	J:31555	Stassen AP, Mamm Genome 1996 Jan;7(1):55-8	
OcB	11	42.86	D11Mit60	MGI:89138		O	O	O	O	O	O	O	O	O	O	.	O	O	O	O	O	O	O	.	J:31555	Stassen AP, Mamm Genome 1996 Jan;7(1):55-8	
OcB	11	42.88	D11Mit30	MGI:89113		O	O	O	O	O	O	B	O	B	O	O	O	O	O	O	O	O	O	O	J:31555	Stassen AP, Mamm Genome 1996 Jan;7(1):55-8	
OcB	11	42.94	D11Mit15	MGI:89034		O	O	O	O	O	O	B	O	B	O	O	O	O	O	O	O	O	O	O	J:31555	Stassen AP, Mamm Genome 1996 Jan;7(1):55-8	
OcB	11	45.76	D11Nds1	MGI:89264		.	O	O	O	.	O	B	O	O	O	O	O	B	O	O	O	O	O	O	J:31555	Stassen AP, Mamm Genome 1996 Jan;7(1):55-8	
OcB	11	46.17	D11Mit116	MGI:88997		O	O	O	O	O	O	O	O	O	O	O	O	B	O	O	O	O	O	O	J:31555	Stassen AP, Mamm Genome 1996 Jan;7(1):55-8	
OcB	11	49.5	D11Mit33	MGI:89116		O	O	O	O	O	O	O	O	O	O	.	O	B	O	O	O	O	O	O	J:31555	Stassen AP, Mamm Genome 1996 Jan;7(1):55-8	
OcB	11	51.23	D11Mit36	MGI:89119		O	O	O	O	O	O	O	O	O	O	.	O	B	O	O	O	O	O	O	J:31555	Stassen AP, Mamm Genome 1996 Jan;7(1):55-8	
OcB	11	52.22	D11Mit39	MGI:89122		O	O	O	O	O	O	O	O	O	O	O	O	B	O	O	O	O	O	O	J:31555	Stassen AP, Mamm Genome 1996 Jan;7(1):55-8	
OcB	11	58.33	D11Mit122	MGI:89004		O	O	O	O	O	O	O	O	O	.	O	O	B	O	O	O	O	O	O	J:31555	Stassen AP, Mamm Genome 1996 Jan;7(1):55-8	
OcB	11	58.9	D11Mit70	MGI:89149		O	O	O	O	O	O	O	O	O	O	O	O	B	O	.	O	O	O	O	J:31555	Stassen AP, Mamm Genome 1996 Jan;7(1):55-8	
OcB	11	62.92	D11Mit124	MGI:89006		O	O	O	O	O	O	O	O	O	O	O	O	O	O	O	O	O	O	O	J:31555	Stassen AP, Mamm Genome 1996 Jan;7(1):55-8	
OcB	11	63.42	D11Mit1003	MGI:94364		O	O	O	O	O	O	O	O	O	O	O	O	O	O	O	O	O	O	O	J:31555	Stassen AP, Mamm Genome 1996 Jan;7(1):55-8	
OcB	11	63.42	D11Mit59	MGI:89137		O	O	O	O	O	O	O	O	O	O	O	O	O	O	O	O	O	O	O	J:31555	Stassen AP, Mamm Genome 1996 Jan;7(1):55-8	
OcB	11	67.79	D11Mit58	MGI:89136		O	O	O	O	O	O	O	O	O	O	O	.	O	O	B	O	O	O	.	J:31555	Stassen AP, Mamm Genome 1996 Jan;7(1):55-8	
OcB	11	68.84	D11Mit13	MGI:89012		O	O	O	O	O	O	O	.	O	.	O	O	O	O	B	O	O	O	O	J:31555	Stassen AP, Mamm Genome 1996 Jan;7(1):55-8	
OcB	11	68.89	D11Mit147	MGI:89031		O	O	O	O	O	O	O	O	O	O	O	O	O	O	B	O	O	O	O	J:31555	Stassen AP, Mamm Genome 1996 Jan;7(1):55-8	
OcB	11	71.86	D11Mit180	MGI:89066		O	O	.	O	O	O	O	O	O	O	O	O	O	O	B	O	O	O	O	J:31555	Stassen AP, Mamm Genome 1996 Jan;7(1):55-8	
OcB	11	75.93	D11Mit61	MGI:89139		O	O	O	O	O	O	O	O	O	O	O	O	O	O	B	O	O	O	O	J:31555	Stassen AP, Mamm Genome 1996 Jan;7(1):55-8	
OcB	11	78.7	D11Mit42	MGI:89126		O	O	O	O	O	O	O	O	O	O	O	O	O	B	O	O	O	O	O	J:31555	Stassen AP, Mamm Genome 1996 Jan;7(1):55-8	
OcB	11	78.74	D11Mit12	MGI:89001		O	O	O	O	O	O	O	O	O	O	O	O	O	B	O	O	O	O	O	J:31555	Stassen AP, Mamm Genome 1996 Jan;7(1):55-8	
OcB	11	79.65	D11Mit167	MGI:89053		O	O	O	O	O	O	.	O	O	O	O	O	O	B	.	O	O	O	O	J:31555	Stassen AP, Mamm Genome 1996 Jan;7(1):55-8	
OcB	11	82.96	D11Mit48	MGI:89127		O	O	O	O	O	O	O	O	O	O	O	O	O	B	O	O	O	O	O	J:31555	Stassen AP, Mamm Genome 1996 Jan;7(1):55-8	
OcB	11	82.96	D11Mit49	MGI:89128		O	O	O	O	O	O	O	O	O	O	O	O	O	B	O	O	O	O	O	J:31555	Stassen AP, Mamm Genome 1996 Jan;7(1):55-8	
OcB	12	-1.0	D12Mit1	MGI:89342		O	B	Z	O	O	.	O	O	O	O	O	B	O	O	O	O	O	O	O	J:31555	Stassen AP, Mamm Genome 1996 Jan;7(1):55-8	
OcB	12	-1.0	D12Mit14	MGI:89387		O	O	O	O	O	O	O	O	O	O	O	O	O	O	O	O	O	O	.	J:31555	Stassen AP, Mamm Genome 1996 Jan;7(1):55-8	
OcB	12	-1.0	D12Mit17	MGI:89420		B	B	O	O	O	.	O	O	O	O	O	O	O	O	O	O	O	O	O	J:31555	Stassen AP, Mamm Genome 1996 Jan;7(1):55-8	
OcB	12	-1.0	D12Mit7	MGI:89478		.	O	O	O	O	O	O	O	O	O	O	O	O	O	O	B	O	Z	O	J:31555	Stassen AP, Mamm Genome 1996 Jan;7(1):55-8	
OcB	12	-1.0	D12Nds4	MGI:104395		O	B	O	O	O	B	O	O	O	O	O	O	O	O	O	B	O	O	O	J:31555	Stassen AP, Mamm Genome 1996 Jan;7(1):55-8	
OcB	12	7.03	D12Mit82	MGI:89492		O	B	O	O	O	O	O	O	O	O	O	B	O	O	O	O	O	O	O	J:31555	Stassen AP, Mamm Genome 1996 Jan;7(1):55-8	
OcB	12	8.11	D12Nds11	MGI:89564		O	B	.	O	O	O	O	.	O	.	O	.	.	.	.	.	.	.	.	J:31555	Stassen AP, Mamm Genome 1996 Jan;7(1):55-8	
OcB	12	9.69	D12Mit83	MGI:89493		O	B	O	O	O	O	O	O	O	B	O	B	O	O	O	O	O	O	.	J:31555	Stassen AP, Mamm Genome 1996 Jan;7(1):55-8	
OcB	12	13.0	D12Mit136	MGI:89383		O	B	X	O	O	O	O	O	O	B	O	B	O	O	O	O	O	O	O	J:31555	Stassen AP, Mamm Genome 1996 Jan;7(1):55-8	
OcB	12	22.11	D12Mit127	MGI:89373		O	O	.	O	O	O	O	O	O	O	O	B	O	O	O	O	O	O	O	J:31555	Stassen AP, Mamm Genome 1996 Jan;7(1):55-8	
OcB	12	22.76	D12Mit54	MGI:89462		O	O	O	O	O	O	O	O	O	O	O	B	O	.	.	O	O	O	O	J:31555	Stassen AP, Mamm Genome 1996 Jan;7(1):55-8	
OcB	12	23.07	D12Mit31	MGI:89442		O	O	.	O	O	O	O	O	O	O	O	B	O	O	O	O	O	O	O	J:31555	Stassen AP, Mamm Genome 1996 Jan;7(1):55-8	
OcB	12	23.46	D12Mit88	MGI:89498		O	O	O	O	O	O	O	O	O	O	O	B	O	O	O	O	O	O	O	J:31555	Stassen AP, Mamm Genome 1996 Jan;7(1):55-8	
OcB	12	26.43	D12Mit36	MGI:89446		O	O	.	O	O	O	O	O	O	O	O	B	O	O	O	O	O	O	O	J:31555	Stassen AP, Mamm Genome 1996 Jan;7(1):55-8	
OcB	12	28.94	D12Mit34	MGI:89444		O	O	O	O	O	O	O	O	O	O	O	Z	O	O	O	O	O	O	O	J:31555	Stassen AP, Mamm Genome 1996 Jan;7(1):55-8	
OcB	12	32.02	D12Mit33	MGI:89443		O	O	O	O	O	O	O	O	O	O	O	O	O	O	O	O	O	O	O	J:31555	Stassen AP, Mamm Genome 1996 Jan;7(1):55-8	
OcB	12	34.06	D12Mit52	MGI:89460		O	O	O	O	O	O	O	O	O	O	O	O	O	O	O	O	O	O	O	J:31555	Stassen AP, Mamm Genome 1996 Jan;7(1):55-8	
OcB	12	36.46	D12Mit116	MGI:89361		O	O	O	O	O	O	O	O	O	O	O	O	O	O	O	O	O	O	O	J:31555	Stassen AP, Mamm Genome 1996 Jan;7(1):55-8	
OcB	12	39.7	D12Mit95	MGI:89506		O	O	O	O	O	O	O	O	O	O	O	O	O	.	O	O	O	O	O	J:31555	Stassen AP, Mamm Genome 1996 Jan;7(1):55-8	
OcB	12	40.94	D12Mit51	MGI:89459		O	O	O	O	O	O	O	O	O	O	O	O	O	O	O	O	O	O	O	J:31555	Stassen AP, Mamm Genome 1996 Jan;7(1):55-8	
OcB	12	44.05	D12Mit6	MGI:89467		O	O	O	O	O	O	O	O	O	O	O	O	O	O	O	O	O	O	O	J:31555	Stassen AP, Mamm Genome 1996 Jan;7(1):55-8	
OcB	12	50.63	D12Mit98	MGI:89509		O	O	O	O	O	O	O	O	O	O	O	O	O	O	O	B	O	O	O	J:31555	Stassen AP, Mamm Genome 1996 Jan;7(1):55-8	
OcB	12	57.3	D12Mit27	MGI:89437		O	O	O	O	O	O	O	O	O	O	O	O	O	O	O	B	O	O	O	J:31555	Stassen AP, Mamm Genome 1996 Jan;7(1):55-8	
OcB	12	62.1	D12Mit20	MGI:89436		O	B	O	O	O	B	O	O	O	O	O	O	O	O	O	B	O	O	O	J:31555	Stassen AP, Mamm Genome 1996 Jan;7(1):55-8	
OcB	12	62.1	D12Mit8	MGI:89489		O	B	O	O	O	B	O	O	O	O	O	O	O	O	O	B	O	O	O	J:31555	Stassen AP, Mamm Genome 1996 Jan;7(1):55-8	
OcB	12	62.22	D12Nds2	MGI:89565		O	B	O	O	O	B	O	O	O	O	O	O	O	O	O	B	O	O	O	J:31555	Stassen AP, Mamm Genome 1996 Jan;7(1):55-8	
OcB	12	63.48	D12Mit144	MGI:89392		O	B	O	O	B	O	O	O	O	O	O	O	O	O	O	B	O	O	O	J:31555	Stassen AP, Mamm Genome 1996 Jan;7(1):55-8	
OcB	13	-1.0	D13Mit116	MGI:89653		O	O	O	O	O	O	O	O	O	O	O	O	O	O	O	O	O	O	O	J:31555	Stassen AP, Mamm Genome 1996 Jan;7(1):55-8	
OcB	13	-1.0	D13Mit14	MGI:89678		O	O	O	O	O	.	O	O	O	O	O	O	O	O	O	O	O	O	O	J:31555	Stassen AP, Mamm Genome 1996 Jan;7(1):55-8	
OcB	13	-1.0	D13Mit23	MGI:89750		O	O	O	O	O	B	O	O	O	O	O	O	O	O	O	O	O	O	O	J:31555	Stassen AP, Mamm Genome 1996 Jan;7(1):55-8	
OcB	13	-1.0	D13Mit39	MGI:89766		O	O	O	O	O	B	O	O	O	O	O	O	O	.	O	O	O	O	O	J:31555	Stassen AP, Mamm Genome 1996 Jan;7(1):55-8	
OcB	13	-1.0	D13Mit7	MGI:89797		O	O	O	O	O	B	O	O	O	O	O	O	O	O	O	O	O	O	O	J:31555	Stassen AP, Mamm Genome 1996 Jan;7(1):55-8	
OcB	13	5.27	D13Mit44	MGI:89771		O	O	O	O	O	O	O	O	O	O	O	O	.	O	O	O	O	O	O	J:31555	Stassen AP, Mamm Genome 1996 Jan;7(1):55-8	
OcB	13	7.26	D13Mit16	MGI:89700		O	O	O	O	O	O	O	O	O	O	O	O	O	O	O	O	O	O	O	J:31555	Stassen AP, Mamm Genome 1996 Jan;7(1):55-8	
OcB	13	7.31	D13Mit3	MGI:89757		O	O	O	O	O	O	O	O	O	O	O	O	O	O	O	O	O	O	O	J:31555	Stassen AP, Mamm Genome 1996 Jan;7(1):55-8	
OcB	13	11.8	D13Mit133	MGI:89671		O	O	O	O	O	O	O	O	O	O	O	O	O	O	O	O	O	O	O	J:31555	Stassen AP, Mamm Genome 1996 Jan;7(1):55-8	
OcB	13	14.36	D13Mit4	MGI:89767		O	O	O	O	O	O	.	O	O	O	O	O	O	O	O	O	O	O	O	J:31555	Stassen AP, Mamm Genome 1996 Jan;7(1):55-8	
OcB	13	14.44	D13Mit18	MGI:89721		O	O	O	O	O	O	O	O	O	O	O	O	O	O	O	O	O	O	O	J:31555	Stassen AP, Mamm Genome 1996 Jan;7(1):55-8	
OcB	13	16.81	D13Mit117	MGI:89654		O	O	O	O	O	O	O	O	O	O	O	O	O	O	.	.	O	O	O	J:31555	Stassen AP, Mamm Genome 1996 Jan;7(1):55-8	
OcB	13	21.6	D13Mit165	MGI:89706		O	O	O	O	O	O	O	O	O	O	O	O	O	O	O	O	O	O	O	J:31555	Stassen AP, Mamm Genome 1996 Jan;7(1):55-8	
OcB	13	21.6	D13Mit19	MGI:89732		O	O	O	.	O	.	O	O	O	.	O	.	O	O	O	.	O	O	O	J:31555	Stassen AP, Mamm Genome 1996 Jan;7(1):55-8	
OcB	13	26.25	D13Mit139	MGI:89677		O	O	B	O	O	O	O	O	O	O	O	O	O	O	O	O	O	O	O	J:31555	Stassen AP, Mamm Genome 1996 Jan;7(1):55-8	
OcB	13	30.06	D13Mit13	MGI:89667		O	O	O	O	.	B	O	O	O	O	O	O	O	O	O	O	O	O	O	J:31555	Stassen AP, Mamm Genome 1996 Jan;7(1):55-8	
OcB	13	30.06	D13Mit21	MGI:89749		O	O	O	O	O	B	O	O	O	O	.	O	O	O	O	O	O	.	O	J:31555	Stassen AP, Mamm Genome 1996 Jan;7(1):55-8	
OcB	13	38.63	D13Mit41	MGI:89769		O	O	O	O	O	O	O	O	O	O	O	O	O	O	O	O	O	O	O	J:31555	Stassen AP, Mamm Genome 1996 Jan;7(1):55-8	
OcB	13	38.78	D13Mit26	MGI:89753		O	O	O	O	O	O	O	O	O	O	O	O	O	O	.	.	O	O	O	J:31555	Stassen AP, Mamm Genome 1996 Jan;7(1):55-8	
OcB	13	39.4	D13Mit25	MGI:89752		O	O	O	O	O	O	O	O	O	O	O	O	O	.	O	O	O	O	O	J:31555	Stassen AP, Mamm Genome 1996 Jan;7(1):55-8	
OcB	13	39.64	D13Mit11	MGI:89646		O	O	O	O	O	O	B	O	O	O	O	O	O	O	O	O	O	O	O	J:31555	Stassen AP, Mamm Genome 1996 Jan;7(1):55-8	
OcB	13	45.05	D13Mit126	MGI:89663		O	O	O	O	O	O	O	O	O	O	O	O	O	O	O	O	O	O	O	J:31555	Stassen AP, Mamm Genome 1996 Jan;7(1):55-8	
OcB	13	45.1	D13Mit27	MGI:89754		O	O	O	O	O	O	O	O	O	O	O	O	O	O	.	O	O	O	O	J:31555	Stassen AP, Mamm Genome 1996 Jan;7(1):55-8	
OcB	13	53.81	D13Mit30	MGI:89758		O	O	O	O	O	O	B	O	.	O	O	O	O	O	.	O	X	O	.	J:31555	Stassen AP, Mamm Genome 1996 Jan;7(1):55-8	
OcB	13	56.45	D13Mit51	MGI:89778		O	O	O	O	O	O	B	O	O	O	O	O	O	O	O	O	O	O	O	J:31555	Stassen AP, Mamm Genome 1996 Jan;7(1):55-8	
OcB	13	63.73	D13Mit53	MGI:89780		O	O	O	O	B	O	O	O	O	O	O	O	O	B	O	O	O	O	O	J:31555	Stassen AP, Mamm Genome 1996 Jan;7(1):55-8	
OcB	13	67.21	D13Mit78	MGI:89806		O	O	O	B	B	O	O	O	O	O	O	O	O	B	O	O	O	O	O	J:31555	Stassen AP, Mamm Genome 1996 Jan;7(1):55-8	
OcB	14	-1.0	D14Mit42	MGI:90046		O	O	O	O	B	B	O	O	O	B	O	O	O	O	O	O	O	O	O	J:31555	Stassen AP, Mamm Genome 1996 Jan;7(1):55-8	
OcB	14	-1.0	D14Nds1	MGI:90157		O	O	B	O	O	O	O	O	O	O	O	O	O	B	B	O	O	B	O	J:31555	Stassen AP, Mamm Genome 1996 Jan;7(1):55-8	
OcB	14	-1.0	D14Nds5	MGI:90160		O	O	B	O	O	O	O	O	O	O	O	O	O	O	O	O	O	Z	O	J:31555	Stassen AP, Mamm Genome 1996 Jan;7(1):55-8	
OcB	14	6.03	D14Mit132	MGI:89972		O	O	B	O	O	O	O	O	O	O	O	O	O	B	B	O	O	B	O	J:31555	Stassen AP, Mamm Genome 1996 Jan;7(1):55-8	
OcB	14	6.33	D14Mit11	MGI:89947		O	O	B	O	O	O	O	O	O	O	O	O	O	B	B	O	O	B	O	J:31555	Stassen AP, Mamm Genome 1996 Jan;7(1):55-8	
OcB	14	6.41	D14Mit10	MGI:89936		O	O	.	O	O	O	O	O	O	O	O	O	O	B	B	O	O	B	O	J:31555	Stassen AP, Mamm Genome 1996 Jan;7(1):55-8	
OcB	14	7.08	D14Mit48	MGI:90052		O	O	B	O	O	O	O	O	O	O	O	O	O	B	B	O	O	B	O	J:31555	Stassen AP, Mamm Genome 1996 Jan;7(1):55-8	
OcB	14	11.94	D14Mit126	MGI:89965		O	O	B	O	O	O	O	O	O	O	O	O	O	B	B	O	O	B	.	J:31555	Stassen AP, Mamm Genome 1996 Jan;7(1):55-8	
OcB	14	16.8	D14Mit14	MGI:89980		O	O	B	O	O	B	O	O	O	O	O	O	O	B	B	O	O	O	O	J:31555	Stassen AP, Mamm Genome 1996 Jan;7(1):55-8	
OcB	14	16.8	D14Mit44	MGI:90048		O	O	.	O	O	B	O	O	O	O	O	O	O	B	B	O	O	O	O	J:31555	Stassen AP, Mamm Genome 1996 Jan;7(1):55-8	
OcB	14	20.88	D14Mit120	MGI:89959		O	O	B	O	O	B	O	O	O	O	O	O	O	B	O	O	O	O	O	J:31555	Stassen AP, Mamm Genome 1996 Jan;7(1):55-8	
OcB	14	23.95	D14Mit129	MGI:89968		O	O	B	O	O	B	B	O	O	O	O	O	O	O	O	O	O	O	O	J:31555	Stassen AP, Mamm Genome 1996 Jan;7(1):55-8	
OcB	14	24.6	D14Mit18	MGI:90023		O	O	B	O	O	B	O	O	O	O	O	O	O	O	O	O	O	O	O	J:31555	Stassen AP, Mamm Genome 1996 Jan;7(1):55-8	
OcB	14	24.6	D14Mit4	MGI:90044		O	O	B	O	O	B	O	O	O	O	O	O	O	O	O	O	O	O	O	J:31555	Stassen AP, Mamm Genome 1996 Jan;7(1):55-8	
OcB	14	28.13	D14Mit20	MGI:90026		O	O	B	O	O	B	O	O	O	O	O	O	O	O	O	O	O	O	O	J:31555	Stassen AP, Mamm Genome 1996 Jan;7(1):55-8	
OcB	14	34.66	D14Mit28	MGI:90031		O	O	B	O	O	O	O	O	O	O	O	O	O	O	O	O	O	Z	O	J:31555	Stassen AP, Mamm Genome 1996 Jan;7(1):55-8	
OcB	14	34.66	D14Mit6	MGI:90065		.	O	B	O	O	O	O	O	O	O	O	O	O	.	O	O	O	.	O	J:31555	Stassen AP, Mamm Genome 1996 Jan;7(1):55-8	
OcB	14	35.69	D14Mit114	MGI:89952		O	O	B	O	O	O	O	O	O	O	O	O	O	O	O	O	O	B	O	J:31555	Stassen AP, Mamm Genome 1996 Jan;7(1):55-8	
OcB	14	38.75	D14Nki1	MGI:101014		O	O	B	O	O	O	O	O	O	O	O	O	O	O	O	O	O	O	O	J:31555	Stassen AP, Mamm Genome 1996 Jan;7(1):55-8	
OcB	14	44.98	D14Mit7	MGI:90076		O	O	O	O	B	B	O	O	O	O	O	O	O	O	O	O	O	O	O	J:31555	Stassen AP, Mamm Genome 1996 Jan;7(1):55-8	
OcB	14	57.2	D14Mit95	MGI:90103		O	B	O	O	B	B	O	O	O	B	O	O	O	O	O	O	O	O	O	J:31555	Stassen AP, Mamm Genome 1996 Jan;7(1):55-8	
OcB	14	59.45	D14Mit96	MGI:90104		O	O	O	O	B	B	O	O	O	B	O	O	O	O	O	O	O	O	O	J:31555	Stassen AP, Mamm Genome 1996 Jan;7(1):55-8	
OcB	14	64.87	D14Mit136	MGI:89976		O	O	O	O	B	O	O	O	.	B	.	O	.	O	.	.	.	.	.	J:31555	Stassen AP, Mamm Genome 1996 Jan;7(1):55-8	
OcB	15	-1.0	D15Mit78	MGI:90361		O	O	O	O	O	O	O	B	O	O	O	O	O	O	B	O	O	O	O	J:31555	Stassen AP, Mamm Genome 1996 Jan;7(1):55-8	
OcB	15	-1.0	D15Nds2	MGI:90421		.	O	O	B	O	O	O	O	.	O	O	O	O	O	O	B	B	O	O	J:31555	Stassen AP, Mamm Genome 1996 Jan;7(1):55-8	
OcB	15	-1.0	D15Nds3	MGI:90422		O	O	O	B	B	O	O	O	O	O	O	O	.	O	O	O	.	O	O	J:31555	Stassen AP, Mamm Genome 1996 Jan;7(1):55-8	
OcB	15	-1.0	D15Nds5	MGI:90424		O	O	O	O	O	O	.	B	O	O	O	O	O	O	B	O	O	O	O	J:31555	Stassen AP, Mamm Genome 1996 Jan;7(1):55-8	
OcB	15	-1.0	D15Nds6	MGI:99855		.	O	.	O	.	O	O	B	.	O	O	O	O	O	B	O	O	.	O	J:31555	Stassen AP, Mamm Genome 1996 Jan;7(1):55-8	
OcB	15	1.8	D15Mit12	MGI:90250		O	O	O	B	.	O	O	O	O	O	O	O	O	O	O	B	O	O	O	J:31555	Stassen AP, Mamm Genome 1996 Jan;7(1):55-8	
OcB	15	1.84	D15Mit13	MGI:90261		O	O	O	B	O	O	O	O	O	O	O	O	O	O	O	B	O	O	O	J:31555	Stassen AP, Mamm Genome 1996 Jan;7(1):55-8	
OcB	15	15.17	D15Mit6	MGI:90341		O	O	O	.	O	O	O	O	O	O	O	O	O	O	O	O	O	O	O	J:31555	Stassen AP, Mamm Genome 1996 Jan;7(1):55-8	
OcB	15	16.29	D15Mit24	MGI:90304		O	O	O	B	O	O	O	O	O	O	O	O	O	O	O	O	O	O	.	J:31555	Stassen AP, Mamm Genome 1996 Jan;7(1):55-8	
OcB	15	16.74	D15Mit5	MGI:90330		O	O	O	B	O	O	O	O	O	O	O	O	O	O	O	O	O	O	O	J:31555	Stassen AP, Mamm Genome 1996 Jan;7(1):55-8	
OcB	15	26.14	D15Mit27	MGI:90307		O	O	O	O	O	O	O	O	O	O	O	O	O	O	O	O	B	O	O	J:31555	Stassen AP, Mamm Genome 1996 Jan;7(1):55-8	
OcB	15	26.19	D15Mit17	MGI:90297		O	O	O	B	B	O	O	O	O	O	O	O	O	O	O	O	B	O	O	J:31555	Stassen AP, Mamm Genome 1996 Jan;7(1):55-8	
OcB	15	32.17	D15Nds1	MGI:90420		O	O	O	B	B	O	O	O	O	O	O	O	O	O	O	B	B	.	.	J:31555	Stassen AP, Mamm Genome 1996 Jan;7(1):55-8	
OcB	15	34.16	D15Mit29	MGI:90309		O	O	O	B	B	O	O	O	O	O	O	O	O	O	O	O	B	O	O	J:31555	Stassen AP, Mamm Genome 1996 Jan;7(1):55-8	
OcB	15	41.95	D15Mit96	MGI:90381		O	O	O	B	B	O	O	O	O	O	O	O	O	O	B	B	B	O	O	J:31555	Stassen AP, Mamm Genome 1996 Jan;7(1):55-8	
OcB	15	47.79	D15Mit108	MGI:90237		O	O	O	O	B	O	O	B	O	O	O	O	O	O	B	O	O	O	.	J:31555	Stassen AP, Mamm Genome 1996 Jan;7(1):55-8	
OcB	15	52.36	D15Mit39	MGI:90319		O	O	O	O	B	O	O	B	O	O	O	O	O	O	B	O	O	O	O	J:31555	Stassen AP, Mamm Genome 1996 Jan;7(1):55-8	
OcB	15	53.99	D15Mit41	MGI:90321		O	O	O	O	B	O	O	B	O	O	O	O	O	O	B	O	O	O	O	J:31555	Stassen AP, Mamm Genome 1996 Jan;7(1):55-8	
OcB	15	53.99	D15Mit43	MGI:90323		O	O	O	O	B	O	O	B	O	O	O	O	O	O	B	O	O	O	.	J:31555	Stassen AP, Mamm Genome 1996 Jan;7(1):55-8	
OcB	15	55.72	D15Mit42	MGI:90322		O	O	O	O	B	O	O	B	O	O	O	.	O	O	B	O	.	.	O	J:31555	Stassen AP, Mamm Genome 1996 Jan;7(1):55-8	
OcB	15	55.99	D15Mit44	MGI:90324		O	O	O	O	O	O	O	B	O	O	O	O	O	O	B	O	O	O	O	J:31555	Stassen AP, Mamm Genome 1996 Jan;7(1):55-8	
OcB	15	56.13	D15Mit14	MGI:90272		O	O	O	O	O	O	O	B	O	O	O	O	.	O	B	O	O	O	O	J:31555	Stassen AP, Mamm Genome 1996 Jan;7(1):55-8	
OcB	15	57.22	D15Mit40	MGI:90320		O	O	O	O	O	O	O	B	O	O	O	O	O	O	B	O	O	O	O	J:31555	Stassen AP, Mamm Genome 1996 Jan;7(1):55-8	
OcB	15	58.06	D15Mit15	MGI:90283		O	O	O	.	O	O	O	B	O	O	O	O	O	.	B	O	O	O	.	J:31555	Stassen AP, Mamm Genome 1996 Jan;7(1):55-8	
OcB	15	58.97	D15Mit79	MGI:90362		O	O	O	O	O	O	O	B	O	O	O	O	O	O	B	O	O	O	O	J:31555	Stassen AP, Mamm Genome 1996 Jan;7(1):55-8	
OcB	15	59.0	D15Mit35	MGI:90316		O	O	O	O	O	O	O	B	O	O	O	O	O	O	B	O	O	O	.	J:31555	Stassen AP, Mamm Genome 1996 Jan;7(1):55-8	
OcB	16	-1.0	D16Mit132	MGI:106086		O	O	O	O	O	O	B	O	O	O	O	O	O	B	O	O	O	O	O	J:31555	Stassen AP, Mamm Genome 1996 Jan;7(1):55-8	
OcB	16	-1.0	D16Mit5	MGI:90520		O	O	O	O	O	O	O	O	O	O	B	O	O	O	O	O	O	.	O	J:31555	Stassen AP, Mamm Genome 1996 Jan;7(1):55-8	
OcB	16	2.59	D16Mit79	MGI:90552		O	O	O	O	O	B	O	O	B	O	O	O	O	O	O	O	O	O	O	J:31555	Stassen AP, Mamm Genome 1996 Jan;7(1):55-8	
OcB	16	2.65	D16Mit130	MGI:100950		O	B	O	O	O	B	O	.	B	O	O	O	O	O	O	O	.	O	O	J:31555	Stassen AP, Mamm Genome 1996 Jan;7(1):55-8	
OcB	16	2.71	D16Mit54	MGI:90525		O	B	O	O	O	B	O	O	B	O	O	O	O	O	O	O	O	O	O	J:31555	Stassen AP, Mamm Genome 1996 Jan;7(1):55-8	
OcB	16	2.76	D16Mit108	MGI:90464		O	B	O	O	O	B	O	O	B	O	O	O	O	.	O	O	O	O	X	J:31555	Stassen AP, Mamm Genome 1996 Jan;7(1):55-8	
OcB	16	3.33	D16Mit9	MGI:90564		O	B	O	O	O	B	O	O	B	O	O	O	O	O	O	O	O	O	O	J:31555	Stassen AP, Mamm Genome 1996 Jan;7(1):55-8	
OcB	16	3.41	D16Mit131	MGI:100949		O	B	O	O	O	B	O	O	B	O	.	O	.	.	.	.	O	O	.	J:31555	Stassen AP, Mamm Genome 1996 Jan;7(1):55-8	
OcB	16	14.69	D16Mit101	MGI:90457		O	B	O	O	O	B	B	O	O	O	O	O	O	O	O	O	O	O	.	J:31555	Stassen AP, Mamm Genome 1996 Jan;7(1):55-8	
OcB	16	15.25	D16Mit102	MGI:90458		O	B	O	O	O	B	B	O	O	O	O	O	O	O	O	O	O	O	O	J:31555	Stassen AP, Mamm Genome 1996 Jan;7(1):55-8	
OcB	16	21.34	D16Mit36	MGI:90505		O	O	O	O	X	B	B	O	O	O	O	O	O	O	O	O	O	O	O	J:31555	Stassen AP, Mamm Genome 1996 Jan;7(1):55-8	
OcB	16	22.4	D16Mit103	MGI:90459		O	O	O	O	O	B	B	O	O	O	O	O	O	O	.	O	O	O	O	J:31555	Stassen AP, Mamm Genome 1996 Jan;7(1):55-8	
OcB	16	25.43	D16Mit4	MGI:90509		O	Z	O	O	O	.	B	O	O	X	O	O	O	O	O	O	O	O	O	J:31555	Stassen AP, Mamm Genome 1996 Jan;7(1):55-8	
OcB	16	26.99	D16Mit12	MGI:90477		O	O	O	O	O	O	O	O	O	O	O	O	O	O	O	O	O	O	O	J:31555	Stassen AP, Mamm Genome 1996 Jan;7(1):55-8	
OcB	16	30.92	D16Mit15	MGI:90489		O	O	O	O	O	O	O	O	O	O	B	O	O	O	O	O	O	.	.	J:31555	Stassen AP, Mamm Genome 1996 Jan;7(1):55-8	
OcB	16	32.09	D16Mit14	MGI:90488		O	O	O	O	O	O	B	O	O	O	X	O	O	O	O	O	O	O	O	J:31555	Stassen AP, Mamm Genome 1996 Jan;7(1):55-8	
OcB	16	33.44	D16Mit46	MGI:90516		O	O	O	O	O	O	O	O	O	O	B	O	O	O	O	O	O	O	B	J:31555	Stassen AP, Mamm Genome 1996 Jan;7(1):55-8	
OcB	16	45.36	D16Mit19	MGI:90491		O	O	O	O	O	O	O	O	O	O	O	O	O	O	O	B	O	O	O	J:31555	Stassen AP, Mamm Genome 1996 Jan;7(1):55-8	
OcB	16	57.06	D16Mit71	MGI:90544		O	O	O	O	O	O	O	O	O	O	O	O	O	O	O	O	O	O	O	J:31555	Stassen AP, Mamm Genome 1996 Jan;7(1):55-8	
OcB	17	-1.0	D17Mit1	MGI:90737		O	O	O	O	O	O	O	O	O	O	O	O	.	O	B	O	O	O	O	J:31555	Stassen AP, Mamm Genome 1996 Jan;7(1):55-8	
OcB	17	-1.0	D17Mit99	MGI:90892		O	O	O	O	O	O	O	O	O	O	O	O	O	O	O	O	O	O	.	J:31555	Stassen AP, Mamm Genome 1996 Jan;7(1):55-8	
OcB	17	27.37	D17Mit6	MGI:90850		O	O	O	O	O	O	O	O	O	O	O	B	O	O	O	O	O	O	O	J:31555	Stassen AP, Mamm Genome 1996 Jan;7(1):55-8	
OcB	17	27.4	D17Mit139	MGI:90780		O	O	O	O	O	O	O	O	O	O	O	B	O	O	O	O	O	O	O	J:31555	Stassen AP, Mamm Genome 1996 Jan;7(1):55-8	
OcB	17	28.37	D17Mit1009	MGI:92895		O	X	O	O	O	O	O	O	O	O	O	B	O	O	O	O	O	O	.	J:31555	Stassen AP, Mamm Genome 1996 Jan;7(1):55-8	
OcB	17	29.73	D17Mit20	MGI:90808		O	O	O	O	O	O	O	O	O	X	O	B	O	O	O	O	O	O	O	J:31555	Stassen AP, Mamm Genome 1996 Jan;7(1):55-8	
OcB	17	38.15	D17Mit119	MGI:90759		O	O	O	O	O	O	O	O	O	O	O	O	O	O	B	O	O	O	B	J:31555	Stassen AP, Mamm Genome 1996 Jan;7(1):55-8	
OcB	17	39.08	D17Mit3	MGI:90818		.	O	O	O	.	O	O	O	O	O	O	O	O	O	B	O	O	.	.	J:31555	Stassen AP, Mamm Genome 1996 Jan;7(1):55-8	
OcB	17	43.96	D17Mit120	MGI:90760		O	O	O	O	O	O	O	O	O	O	O	O	O	O	B	O	O	O	B	J:31555	Stassen AP, Mamm Genome 1996 Jan;7(1):55-8	
OcB	17	47.02	D17Mit94	MGI:90887		O	O	O	O	O	O	O	O	O	O	O	O	O	O	B	O	O	O	B	J:31555	Stassen AP, Mamm Genome 1996 Jan;7(1):55-8	
OcB	17	55.42	D17Mit56	MGI:90846		O	O	O	O	O	O	O	O	O	O	O	O	O	O	B	O	O	O	O	J:31555	Stassen AP, Mamm Genome 1996 Jan;7(1):55-8	
OcB	17	57.39	D17Mit130	MGI:90771		O	O	O	O	O	O	O	O	O	O	O	O	O	O	B	O	O	O	O	J:31555	Stassen AP, Mamm Genome 1996 Jan;7(1):55-8	
OcB	18	3.02	D18Mit19	MGI:91070		O	O	O	B	O	O	O	O	O	.	O	O	O	O	O	O	B	B	B	J:31555	Stassen AP, Mamm Genome 1996 Jan;7(1):55-8	
OcB	18	7.8	D18Mit32	MGI:91084		O	O	O	B	B	O	O	O	O	O	O	O	O	O	O	O	O	B	B	J:31555	Stassen AP, Mamm Genome 1996 Jan;7(1):55-8	
OcB	18	8.85	D18Mit21	MGI:91073		O	O	O	.	B	O	O	O	O	O	O	O	O	O	O	O	O	B	B	J:31555	Stassen AP, Mamm Genome 1996 Jan;7(1):55-8	
OcB	18	18.83	D18Mit15	MGI:91066		O	O	O	B	B	O	O	O	B	O	O	O	O	O	O	O	O	B	O	J:31555	Stassen AP, Mamm Genome 1996 Jan;7(1):55-8	
OcB	18	19.97	D18Mit94	MGI:91152		O	O	O	B	B	O	O	O	B	O	O	O	O	O	O	O	O	O	O	J:31555	Stassen AP, Mamm Genome 1996 Jan;7(1):55-8	
OcB	18	20.57	D18Mit14	MGI:91059		O	O	O	B	B	.	O	O	B	O	O	O	Z	O	O	O	O	O	O	J:31555	Stassen AP, Mamm Genome 1996 Jan;7(1):55-8	
OcB	18	21.09	D18Mit17	MGI:91068		O	O	O	B	.	O	O	O	B	O	O	.	Z	O	O	O	O	O	O	J:31555	Stassen AP, Mamm Genome 1996 Jan;7(1):55-8	
OcB	18	23.86	D18Mit35	MGI:91087		O	O	O	O	B	O	O	O	B	O	O	B	O	O	O	O	O	O	O	J:31555	Stassen AP, Mamm Genome 1996 Jan;7(1):55-8	
OcB	18	24.56	D18Mit58	MGI:91112		O	.	O	O	B	O	O	O	B	O	O	B	Z	O	O	O	O	O	.	J:31555	Stassen AP, Mamm Genome 1996 Jan;7(1):55-8	
OcB	18	24.64	D18Mit36	MGI:91088		O	O	O	O	B	O	O	O	B	O	O	B	O	O	.	.	O	O	O	J:31555	Stassen AP, Mamm Genome 1996 Jan;7(1):55-8	
OcB	18	24.71	D18Mit56	MGI:91110		O	O	O	O	B	O	O	O	B	O	O	O	O	O	O	O	O	O	O	J:31555	Stassen AP, Mamm Genome 1996 Jan;7(1):55-8	
OcB	18	39.53	D18Mit81	MGI:91138		B	O	O	O	O	O	O	O	O	O	O	B	B	O	O	O	O	O	.	J:31555	Stassen AP, Mamm Genome 1996 Jan;7(1):55-8	
OcB	18	40.14	D18Mit50	MGI:91104		B	O	O	O	O	O	O	O	O	O	O	B	B	O	O	O	O	O	O	J:31555	Stassen AP, Mamm Genome 1996 Jan;7(1):55-8	
OcB	18	50.7	D18Mit8	MGI:91136		B	O	O	O	O	O	O	O	O	O	O	B	B	O	O	O	O	O	O	J:31555	Stassen AP, Mamm Genome 1996 Jan;7(1):55-8	
OcB	18	51.92	D18Mit7	MGI:91125		B	O	O	O	O	O	O	O	O	O	O	O	B	O	O	B	O	O	O	J:31555	Stassen AP, Mamm Genome 1996 Jan;7(1):55-8	
OcB	18	57.53	D18Mit4	MGI:91092		B	O	O	O	O	O	O	O	O	O	O	O	B	O	O	B	O	O	O	J:31555	Stassen AP, Mamm Genome 1996 Jan;7(1):55-8	
OcB	18	58.63	D18Mit102	MGI:91020		O	O	O	O	O	O	O	O	O	O	O	O	B	O	O	B	O	O	O	J:31555	Stassen AP, Mamm Genome 1996 Jan;7(1):55-8	
OcB	19	-1.0	D19Mit2	MGI:91228		O	O	B	O	O	Z	B	B	B	O	Z	O	B	O	O	.	O	B	O	J:31555	Stassen AP, Mamm Genome 1996 Jan;7(1):55-8	
OcB	19	-1.0	D19Mit62	MGI:91275		O	O	O	O	O	O	O	O	B	O	O	O	O	O	O	O	O	O	B	J:31555	Stassen AP, Mamm Genome 1996 Jan;7(1):55-8	
OcB	19	3.04	D19Mit32	MGI:91242		B	O	O	O	O	O	O	B	O	O	O	O	O	O	O	O	O	O	B	J:31555	Stassen AP, Mamm Genome 1996 Jan;7(1):55-8	
OcB	19	4.3	D19Mit59	MGI:91271		B	O	O	O	O	O	O	B	O	O	O	O	O	O	O	O	O	O	B	J:31555	Stassen AP, Mamm Genome 1996 Jan;7(1):55-8	
OcB	19	8.84	D19Mit31	MGI:91241		O	O	O	O	O	O	O	B	B	O	O	O	O	O	O	O	O	O	B	J:31555	Stassen AP, Mamm Genome 1996 Jan;7(1):55-8	
OcB	19	10.4	D19Mit61	MGI:91274		O	O	O	O	O	O	O	B	B	O	O	O	O	O	O	O	O	O	B	J:31555	Stassen AP, Mamm Genome 1996 Jan;7(1):55-8	
OcB	19	10.85	D19Mit28	MGI:91237		O	O	O	O	O	O	O	B	B	O	O	O	O	O	O	O	O	O	B	J:31555	Stassen AP, Mamm Genome 1996 Jan;7(1):55-8	
OcB	19	13.18	D19Mit41	MGI:91252		O	O	O	O	O	O	O	B	B	O	O	O	O	O	O	O	O	O	B	J:31555	Stassen AP, Mamm Genome 1996 Jan;7(1):55-8	
OcB	19	13.9	D19Mit60	MGI:91273		O	O	O	O	O	O	O	B	B	O	O	O	O	O	O	O	O	O	B	J:31555	Stassen AP, Mamm Genome 1996 Jan;7(1):55-8	
OcB	19	14.32	D19Mit14	MGI:91220		O	O	O	O	O	O	O	B	B	O	B	O	O	O	O	.	O	O	.	J:31555	Stassen AP, Mamm Genome 1996 Jan;7(1):55-8	
OcB	19	28.42	D19Mit64	MGI:91277		O	O	O	O	O	O	O	B	B	O	O	O	B	O	O	O	O	B	O	J:31555	Stassen AP, Mamm Genome 1996 Jan;7(1):55-8	
OcB	19	30.3	D19Mit63	MGI:91276		O	O	O	O	O	O	B	B	B	O	O	O	B	O	O	O	O	B	O	J:31555	Stassen AP, Mamm Genome 1996 Jan;7(1):55-8	
OcB	19	36.26	D19Mit11.1	MGI:91217		.	.	B	O	O	B	B	B	B	O	O	O	B	O	O	O	O	B	O	J:31555	Stassen AP, Mamm Genome 1996 Jan;7(1):55-8	
OcB	19	38.16	D19Mit24	MGI:91233		O	O	B	O	O	B	B	B	B	.	O	O	B	O	O	.	O	B	O	J:31555	Stassen AP, Mamm Genome 1996 Jan;7(1):55-8	
OcB	19	38.75	D19Mit17	MGI:91225		O	O	B	O	O	B	.	B	B	.	.	.	B	.	.	.	O	B	O	J:31555	Stassen AP, Mamm Genome 1996 Jan;7(1):55-8	
OcB	19	44.81	D19Mit3	MGI:91239		.	O	B	O	O	Z	B	B	B	O	Z	O	B	O	O	O	O	B	O	J:31555	Stassen AP, Mamm Genome 1996 Jan;7(1):55-8	
OcB	19	44.88	D19Mit58	MGI:91270		O	O	B	O	O	B	B	B	B	O	O	O	B	O	O	O	O	B	O	J:31555	Stassen AP, Mamm Genome 1996 Jan;7(1):55-8	
OcB	19	46.94	D19Mit7	MGI:91283		O	O	B	O	O	O	B	B	B	O	O	O	B	O	O	O	O	B	O	J:31555	Stassen AP, Mamm Genome 1996 Jan;7(1):55-8	
OcB	19	47.01	D19Mit26	MGI:91235		O	O	B	O	O	O	B	B	B	O	O	O	B	O	O	O	O	B	O	J:31555	Stassen AP, Mamm Genome 1996 Jan;7(1):55-8	
OcB	19	48.79	D19Mit36	MGI:91246		O	O	B	O	O	O	B	B	B	O	B	O	B	O	O	O	O	B	O	J:31555	Stassen AP, Mamm Genome 1996 Jan;7(1):55-8	
OcB	19	51.34	D19Mit55	MGI:91267		O	O	B	O	O	O	B	B	B	O	O	O	B	O	O	O	O	B	O	J:31555	Stassen AP, Mamm Genome 1996 Jan;7(1):55-8	
OcB	19	51.76	D19Mit33	MGI:91243		O	O	B	O	O	O	B	B	B	O	O	O	B	O	O	O	O	B	O	J:31555	Stassen AP, Mamm Genome 1996 Jan;7(1):55-8	
OcB	2	-1.0	D2Mit17	MGI:92032		O	O	O	O	B	O	O	O	O	O	O	O	O	O	O	O	O	.	O	J:31555	Stassen AP, Mamm Genome 1996 Jan;7(1):55-8	
OcB	2	-1.0	D2Mit30	MGI:92166		O	O	O	O	B	O	O	O	O	O	O	O	.	O	O	O	O	O	O	J:31555	Stassen AP, Mamm Genome 1996 Jan;7(1):55-8	
OcB	2	-1.0	D2Mit332	MGI:100707		O	O	O	O	O	O	O	O	O	O	O	O	O	O	O	O	O	O	.	J:31555	Stassen AP, Mamm Genome 1996 Jan;7(1):55-8	
OcB	2	-1.0	D2Mit5	MGI:92186		O	O	O	B	.	B	O	O	O	O	O	O	O	O	O	O	O	O	O	J:31555	Stassen AP, Mamm Genome 1996 Jan;7(1):55-8	
OcB	2	-1.0	D2Nds3	MGI:92301		O	O	O	O	B	B	O	O	O	O	O	O	O	O	O	O	O	O	O	J:31555	Stassen AP, Mamm Genome 1996 Jan;7(1):55-8	
OcB	2	6.9	D2Mit4	MGI:92176		O	O	O	B	O	.	.	O	O	O	O	O	O	O	O	O	O	O	O	J:31555	Stassen AP, Mamm Genome 1996 Jan;7(1):55-8	
OcB	2	24.26	D2Mit7	MGI:92205		O	O	O	O	O	O	O	O	B	O	O	B	B	O	O	O	O	O	O	J:31555	Stassen AP, Mamm Genome 1996 Jan;7(1):55-8	
OcB	2	31.66	D2Mit156	MGI:92017		O	O	O	B	O	O	O	O	B	O	O	O	O	O	O	O	O	O	O	J:31555	Stassen AP, Mamm Genome 1996 Jan;7(1):55-8	
OcB	2	41.97	D2Mit56	MGI:92192		.	O	.	B	O	.	O	O	B	O	.	.	O	O	O	O	O	O	O	J:31555	Stassen AP, Mamm Genome 1996 Jan;7(1):55-8	
OcB	2	44.13	D2Mit35	MGI:92171		O	O	O	B	O	O	O	O	O	O	O	O	O	O	O	O	O	O	O	J:31555	Stassen AP, Mamm Genome 1996 Jan;7(1):55-8	
OcB	2	47.93	D2Mit94	MGI:92232		O	O	O	O	O	O	O	O	O	O	O	O	O	O	O	O	O	O	B	J:31555	Stassen AP, Mamm Genome 1996 Jan;7(1):55-8	
OcB	2	48.28	D2Mit75	MGI:92211		O	O	O	O	O	O	O	O	O	O	O	O	O	O	O	O	O	O	B	J:31555	Stassen AP, Mamm Genome 1996 Jan;7(1):55-8	
OcB	2	48.5	D2Mit248	MGI:92116		O	O	O	O	O	O	O	O	O	O	O	O	O	O	O	O	O	.	B	J:31555	Stassen AP, Mamm Genome 1996 Jan;7(1):55-8	
OcB	2	49.08	D2Mit220	MGI:92087		O	O	O	O	O	O	O	O	O	O	O	O	O	O	O	O	O	.	B	J:31555	Stassen AP, Mamm Genome 1996 Jan;7(1):55-8	
OcB	2	49.08	D2Mit331	MGI:100708		O	O	O	O	O	.	O	O	O	O	O	.	O	.	O	O	.	.	.	J:31555	Stassen AP, Mamm Genome 1996 Jan;7(1):55-8	
OcB	2	49.35	D2Mit126	MGI:91984		O	O	O	O	O	O	.	O	O	.	O	O	O	O	O	O	O	O	B	J:31555	Stassen AP, Mamm Genome 1996 Jan;7(1):55-8	
OcB	2	49.45	D2Mit160	MGI:92022		O	O	O	O	O	O	O	O	O	O	O	O	O	O	O	O	B	B	.	J:31555	Stassen AP, Mamm Genome 1996 Jan;7(1):55-8	
OcB	2	49.68	D2Mit14a	MGI:91999		O	O	O	O	O	O	O	O	O	O	O	O	O	O	O	O	O	O	B	J:31555	Stassen AP, Mamm Genome 1996 Jan;7(1):55-8	
OcB	2	50.63	D2Mit334	MGI:100705		O	O	O	O	O	O	O	.	O	O	O	O	O	O	O	O	.	O	B	J:31555	Stassen AP, Mamm Genome 1996 Jan;7(1):55-8	
OcB	2	50.63	D2Mit96	MGI:92234		O	O	O	O	O	.	O	.	O	.	O	O	.	O	.	O	.	O	.	J:31555	Stassen AP, Mamm Genome 1996 Jan;7(1):55-8	
OcB	2	51.62	D2Mit129	MGI:91987		O	O	O	O	O	O	O	O	O	O	O	O	O	O	O	O	O	O	B	J:31555	Stassen AP, Mamm Genome 1996 Jan;7(1):55-8	
OcB	2	51.62	D2Nds1	MGI:92298		O	O	O	O	O	O	O	O	O	O	O	O	O	O	O	O	O	O	B	J:31555	Stassen AP, Mamm Genome 1996 Jan;7(1):55-8	
OcB	2	51.87	D2Mit221	MGI:92088		O	O	O	O	O	B	O	O	O	O	O	O	O	O	.	O	O	O	B	J:31555	Stassen AP, Mamm Genome 1996 Jan;7(1):55-8	
OcB	2	52.4	D2Mit130	MGI:91989		O	O	.	O	.	O	.	O	.	.	O	O	O	.	O	.	O	.	.	J:31555	Stassen AP, Mamm Genome 1996 Jan;7(1):55-8	
OcB	2	53.07	D2Mit184	MGI:92047		O	O	O	O	O	O	O	O	O	O	O	O	O	O	O	O	O	O	B	J:31555	Stassen AP, Mamm Genome 1996 Jan;7(1):55-8	
OcB	2	53.07	D2Mit98	MGI:92236		O	O	O	O	O	O	O	O	O	.	O	O	O	O	O	O	O	O	B	J:31555	Stassen AP, Mamm Genome 1996 Jan;7(1):55-8	
OcB	2	53.37	D2Mit301	MGI:100738		O	O	O	O	O	O	O	O	.	O	O	O	O	O	O	O	O	O	.	J:31555	Stassen AP, Mamm Genome 1996 Jan;7(1):55-8	
OcB	2	53.67	D2Mit300	MGI:100739		O	O	O	O	O	O	O	O	O	O	O	O	O	O	O	O	O	O	.	J:31555	Stassen AP, Mamm Genome 1996 Jan;7(1):55-8	
OcB	2	54.07	D2Mit249	MGI:92117		O	O	O	O	O	O	O	O	O	O	O	O	O	.	O	O	O	O	O	J:31555	Stassen AP, Mamm Genome 1996 Jan;7(1):55-8	
OcB	2	54.13	D2Mit251	MGI:92120		O	O	O	O	O	O	O	O	O	O	O	O	O	O	O	O	O	O	O	J:31555	Stassen AP, Mamm Genome 1996 Jan;7(1):55-8	
OcB	2	54.43	D2Mit250	MGI:92119		O	O	O	O	O	O	O	O	O	O	O	O	O	O	O	O	O	O	O	J:31555	Stassen AP, Mamm Genome 1996 Jan;7(1):55-8	
OcB	2	54.43	D2Mit97	MGI:92235		O	O	O	O	O	O	O	O	O	O	O	O	O	O	O	O	O	O	O	J:31555	Stassen AP, Mamm Genome 1996 Jan;7(1):55-8	
OcB	2	54.46	D2Mit127	MGI:91985		O	O	O	O	.	O	.	.	O	O	O	O	O	O	O	O	.	O	.	J:31555	Stassen AP, Mamm Genome 1996 Jan;7(1):55-8	
OcB	2	54.57	D2Mit43	MGI:92179		O	O	O	O	O	O	O	O	O	O	O	O	O	O	O	O	O	O	O	J:31555	Stassen AP, Mamm Genome 1996 Jan;7(1):55-8	
OcB	2	54.85	D2Mit333	MGI:100706		O	O	O	O	B	O	O	O	O	O	O	O	O	O	O	O	O	O	O	J:31555	Stassen AP, Mamm Genome 1996 Jan;7(1):55-8	
OcB	2	54.85	D2Mit42	MGI:92178		O	O	O	O	B	O	O	O	O	O	O	O	O	O	O	O	O	O	O	J:31555	Stassen AP, Mamm Genome 1996 Jan;7(1):55-8	
OcB	2	55.07	D2Mit99	MGI:92237		O	O	O	O	B	O	O	O	O	O	O	O	O	O	O	O	O	O	O	J:31555	Stassen AP, Mamm Genome 1996 Jan;7(1):55-8	
OcB	2	55.62	D2Mit128	MGI:91986		O	O	O	O	B	O	.	.	.	.	O	O	.	O	O	O	.	.	.	J:31555	Stassen AP, Mamm Genome 1996 Jan;7(1):55-8	
OcB	2	55.67	D2Mit13	MGI:91988		.	O	O	O	B	O	O	O	O	O	O	O	O	O	O	O	O	O	O	J:31555	Stassen AP, Mamm Genome 1996 Jan;7(1):55-8	
OcB	2	55.73	D2Mit100	MGI:91956		O	O	O	O	B	O	O	O	O	O	O	O	.	.	.	.	O	O	O	J:31555	Stassen AP, Mamm Genome 1996 Jan;7(1):55-8	
OcB	2	56.21	D2Mit58	MGI:92194		O	O	O	O	B	O	O	O	O	O	O	O	O	O	O	O	O	O	O	J:31555	Stassen AP, Mamm Genome 1996 Jan;7(1):55-8	
OcB	2	57.65	D2Mit102	MGI:91958		O	O	O	O	B	O	O	O	O	O	O	O	O	O	O	O	O	O	O	J:31555	Stassen AP, Mamm Genome 1996 Jan;7(1):55-8	
OcB	2	59.32	D2Mit63	MGI:92200		O	O	O	O	B	O	O	O	O	O	O	O	O	O	O	O	O	O	O	J:31555	Stassen AP, Mamm Genome 1996 Jan;7(1):55-8	
OcB	2	59.34	D2Mit62	MGI:92199		O	O	O	O	B	O	O	O	O	.	O	O	O	O	O	O	O	O	O	J:31555	Stassen AP, Mamm Genome 1996 Jan;7(1):55-8	
OcB	2	60.77	D2Mit16a	MGI:92021		O	O	O	.	B	.	O	O	O	O	O	O	O	O	O	O	O	O	.	J:31555	Stassen AP, Mamm Genome 1996 Jan;7(1):55-8	
OcB	2	73.42	D2Mit57	MGI:92193		O	O	O	O	O	B	O	O	O	O	O	O	O	O	O	O	O	O	O	J:31555	Stassen AP, Mamm Genome 1996 Jan;7(1):55-8	
OcB	2	74.83	D2Mit22	MGI:92086		O	O	O	O	O	B	O	O	O	O	O	O	.	O	.	O	O	O	O	J:31555	Stassen AP, Mamm Genome 1996 Jan;7(1):55-8	
OcB	2	78.48	D2Mit55	MGI:92191		O	O	O	O	O	B	O	O	O	O	O	O	O	O	O	O	O	O	O	J:31555	Stassen AP, Mamm Genome 1996 Jan;7(1):55-8	
OcB	2	78.72	D2Mit225	MGI:92092		O	O	O	O	O	B	O	O	O	O	O	O	O	O	O	O	O	O	O	J:31555	Stassen AP, Mamm Genome 1996 Jan;7(1):55-8	
OcB	2	83.83	D2Mit49	MGI:92185		O	O	O	O	O	B	O	O	O	O	O	O	O	O	O	O	O	O	O	J:31555	Stassen AP, Mamm Genome 1996 Jan;7(1):55-8	
OcB	2	85.27	D2Mit227	MGI:92094		O	O	O	O	O	B	O	O	O	O	O	O	O	O	O	O	O	O	O	J:31555	Stassen AP, Mamm Genome 1996 Jan;7(1):55-8	
OcB	2	86.69	D2Mit53	MGI:92190		O	O	O	O	O	B	O	O	O	B	O	O	O	O	O	O	O	O	O	J:31555	Stassen AP, Mamm Genome 1996 Jan;7(1):55-8	
OcB	2	98.0	D2Mit213	MGI:92079		O	O	O	O	O	B	O	O	O	B	O	O	O	B	O	.	B	.	.	J:31555	Stassen AP, Mamm Genome 1996 Jan;7(1):55-8	
OcB	2	102.29	D2Mit200	MGI:92065		O	O	O	O	O	B	O	O	O	B	O	B	O	B	O	B	O	O	.	J:31555	Stassen AP, Mamm Genome 1996 Jan;7(1):55-8	
OcB	2	103.43	D2Mit74	MGI:92210		O	O	O	O	O	B	O	O	O	B	O	B	O	B	O	B	O	O	O	J:31555	Stassen AP, Mamm Genome 1996 Jan;7(1):55-8	
OcB	3	-1.0	D3Mit1	MGI:92363		.	O	O	O	O	B	O	O	O	O	O	O	O	O	O	O	B	O	O	J:31555	Stassen AP, Mamm Genome 1996 Jan;7(1):55-8	
OcB	3	-1.0	D3Mit51	MGI:92521		O	O	O	O	O	B	O	O	O	O	O	O	O	O	O	O	O	O	O	J:31555	Stassen AP, Mamm Genome 1996 Jan;7(1):55-8	
OcB	3	-1.0	D3Mit9	MGI:92562		O	O	O	O	O	B	O	O	O	O	O	O	O	O	O	O	O	.	.	J:31555	Stassen AP, Mamm Genome 1996 Jan;7(1):55-8	
OcB	3	1.96	D3Mit60	MGI:92531		O	O	O	O	O	B	O	O	O	O	O	O	O	O	O	O	O	O	O	J:31555	Stassen AP, Mamm Genome 1996 Jan;7(1):55-8	
OcB	3	12.7	D3Mit46	MGI:92516		O	O	.	.	O	B	O	O	O	O	O	O	.	O	O	O	B	O	.	J:31555	Stassen AP, Mamm Genome 1996 Jan;7(1):55-8	
OcB	3	18.3	D3Mit21	MGI:92484		O	O	O	O	O	.	O	O	O	.	O	O	O	O	.	B	B	O	B	J:31555	Stassen AP, Mamm Genome 1996 Jan;7(1):55-8	
OcB	3	18.79	D3Mit3	MGI:92503		.	O	O	O	O	B	O	O	O	O	O	O	O	O	O	O	O	.	O	J:31555	Stassen AP, Mamm Genome 1996 Jan;7(1):55-8	
OcB	3	21.67	D3Mit6	MGI:92530		O	O	O	O	O	B	O	O	O	O	O	O	O	O	O	O	O	O	O	J:31555	Stassen AP, Mamm Genome 1996 Jan;7(1):55-8	
OcB	3	21.81	D3Mit5	MGI:92519		O	O	O	O	O	B	O	O	O	O	O	O	O	O	O	O	O	.	O	J:31555	Stassen AP, Mamm Genome 1996 Jan;7(1):55-8	
OcB	3	27.32	D3Mit25	MGI:92499		O	O	O	O	O	B	O	O	O	O	O	O	O	O	O	O	O	O	O	J:31555	Stassen AP, Mamm Genome 1996 Jan;7(1):55-8	
OcB	3	29.17	D3Mit7	MGI:92541		O	O	O	.	O	.	O	O	O	O	O	O	O	O	O	O	O	.	O	J:31555	Stassen AP, Mamm Genome 1996 Jan;7(1):55-8	
OcB	3	32.25	D3Mit22	MGI:92495		O	O	O	O	O	B	O	O	O	O	O	O	O	O	O	O	O	O	O	J:31555	Stassen AP, Mamm Genome 1996 Jan;7(1):55-8	
OcB	3	34.97	D3Mit26	MGI:92500		O	O	O	O	O	B	O	O	O	O	O	O	O	O	O	O	O	O	O	J:31555	Stassen AP, Mamm Genome 1996 Jan;7(1):55-8	
OcB	3	38.19	D3Mit40	MGI:92510		O	O	O	O	O	B	O	O	O	O	O	O	O	O	B	O	O	O	O	J:31555	Stassen AP, Mamm Genome 1996 Jan;7(1):55-8	
OcB	3	39.02	D3Mit49	MGI:92518		O	O	O	O	O	O	O	O	O	O	O	O	O	O	B	O	O	O	O	J:31555	Stassen AP, Mamm Genome 1996 Jan;7(1):55-8	
OcB	3	39.27	D3Mit28	MGI:92501		O	O	O	O	O	B	O	O	O	.	O	O	O	O	B	O	O	O	O	J:31555	Stassen AP, Mamm Genome 1996 Jan;7(1):55-8	
OcB	3	40.14	D3Mit156	MGI:92426		O	O	O	O	O	O	O	O	O	O	O	O	O	O	B	O	O	O	O	J:31555	Stassen AP, Mamm Genome 1996 Jan;7(1):55-8	
OcB	3	43.03	D3Mit10	MGI:92364		O	O	O	O	O	O	B	O	O	O	O	O	O	O	B	O	O	O	O	J:31555	Stassen AP, Mamm Genome 1996 Jan;7(1):55-8	
OcB	3	43.71	D3Mit11	MGI:92375		.	O	O	O	O	O	B	O	O	O	O	O	O	O	B	O	O	O	O	J:31555	Stassen AP, Mamm Genome 1996 Jan;7(1):55-8	
OcB	3	43.71	D3Mit12	MGI:92386		O	O	O	O	O	O	B	O	O	O	O	O	O	O	B	O	O	.	O	J:31555	Stassen AP, Mamm Genome 1996 Jan;7(1):55-8	
OcB	3	47.69	D3Mit39	MGI:92508		O	O	.	.	O	B	B	O	.	O	O	O	O	O	B	O	O	O	O	J:31555	Stassen AP, Mamm Genome 1996 Jan;7(1):55-8	
OcB	3	52.94	D3Mit42	MGI:92512		O	O	O	O	O	B	B	O	O	O	O	O	O	O	B	O	O	O	O	J:31555	Stassen AP, Mamm Genome 1996 Jan;7(1):55-8	
OcB	3	54.68	D3Mit13	MGI:92397		O	O	O	O	O	B	B	O	O	O	O	O	O	O	B	O	O	O	O	J:31555	Stassen AP, Mamm Genome 1996 Jan;7(1):55-8	
OcB	3	55.85	D3Mit159	MGI:92429		O	O	O	O	O	B	B	O	O	O	O	O	O	O	B	O	O	O	O	J:31555	Stassen AP, Mamm Genome 1996 Jan;7(1):55-8	
OcB	3	61.32	D3Mit14	MGI:92408		.	O	O	O	O	Z	O	O	O	O	O	O	O	O	B	O	O	O	O	J:31555	Stassen AP, Mamm Genome 1996 Jan;7(1):55-8	
OcB	3	63.4	D3Mit125	MGI:92392		O	O	O	O	O	O	O	O	O	O	O	O	O	O	B	O	O	O	O	J:31555	Stassen AP, Mamm Genome 1996 Jan;7(1):55-8	
OcB	3	63.44	D3Mit16	MGI:92430		O	O	O	O	O	O	O	O	O	O	O	O	O	O	B	O	O	O	O	J:31555	Stassen AP, Mamm Genome 1996 Jan;7(1):55-8	
OcB	3	66.68	D3Mit160	MGI:92431		O	.	O	O	O	O	O	O	O	O	O	O	O	O	B	O	O	O	O	J:31555	Stassen AP, Mamm Genome 1996 Jan;7(1):55-8	
OcB	3	66.69	D3Mit38	MGI:92507		O	O	O	O	O	O	O	O	O	O	O	O	O	O	B	O	O	O	O	J:31555	Stassen AP, Mamm Genome 1996 Jan;7(1):55-8	
OcB	3	67.53	D3Mit17	MGI:92441		O	O	O	O	O	Z	O	O	O	O	O	O	O	O	B	O	O	O	O	J:31555	Stassen AP, Mamm Genome 1996 Jan;7(1):55-8	
OcB	3	72.32	D3Mit31	MGI:92504		O	O	O	O	O	O	O	O	O	O	O	O	O	O	B	O	O	O	O	J:31555	Stassen AP, Mamm Genome 1996 Jan;7(1):55-8	
OcB	3	72.36	D3Mit18	MGI:92452		O	O	O	O	O	Z	O	O	O	O	O	O	O	O	B	O	O	.	O	J:31555	Stassen AP, Mamm Genome 1996 Jan;7(1):55-8	
OcB	3	76.22	D3Mit32	MGI:92505		O	O	O	O	O	O	O	O	O	O	O	O	O	O	B	O	O	O	O	J:31555	Stassen AP, Mamm Genome 1996 Jan;7(1):55-8	
OcB	3	79.05	D3Mit59	MGI:92529		O	.	O	O	O	O	O	O	O	O	O	O	O	O	O	O	O	O	O	J:31555	Stassen AP, Mamm Genome 1996 Jan;7(1):55-8	
OcB	3	79.28	D3Mit162	MGI:92433		O	O	O	O	O	O	O	O	O	O	O	O	O	O	O	O	.	O	.	J:31555	Stassen AP, Mamm Genome 1996 Jan;7(1):55-8	
OcB	3	80.67	D3Mit163	MGI:92434		O	O	O	O	O	O	O	O	O	O	O	O	O	O	O	O	O	O	O	J:31555	Stassen AP, Mamm Genome 1996 Jan;7(1):55-8	
OcB	4	-1.0	D4Mit130	MGI:92754		O	O	O	O	O	B	O	O	B	O	O	O	O	O	O	O	O	O	O	J:31555	Stassen AP, Mamm Genome 1996 Jan;7(1):55-8	
OcB	4	-1.0	D4Mit205	MGI:92836		O	O	O	B	O	B	O	O	O	O	X	O	O	O	O	B	O	O	O	J:31555	Stassen AP, Mamm Genome 1996 Jan;7(1):55-8	
OcB	4	-1.0	D4Mit23	MGI:92859		O	O	O	B	O	B	O	O	O	O	O	O	O	O	O	.	O	O	O	J:31555	Stassen AP, Mamm Genome 1996 Jan;7(1):55-8	
OcB	4	-1.0	D4Mit3	MGI:106089		O	O	O	O	O	O	O	O	O	O	O	O	O	O	O	Z	.	O	.	J:31555	Stassen AP, Mamm Genome 1996 Jan;7(1):55-8	
OcB	4	-1.0	D4Mit66	MGI:92901		O	O	O	O	O	B	O	O	B	O	O	O	O	O	O	O	O	O	O	J:31555	Stassen AP, Mamm Genome 1996 Jan;7(1):55-8	
OcB	4	-1.0	D4Mit77	MGI:92913		O	O	O	B	O	B	O	O	O	O	O	O	O	O	O	B	O	O	O	J:31555	Stassen AP, Mamm Genome 1996 Jan;7(1):55-8	
OcB	4	4.29	D4Mit101	MGI:92722		O	O	O	O	O	O	O	O	O	O	O	O	O	O	O	B	O	O	O	J:31555	Stassen AP, Mamm Genome 1996 Jan;7(1):55-8	
OcB	4	5.58	D4Mit19	MGI:92819		O	O	O	O	O	O	O	O	O	O	O	O	O	O	O	.	O	O	O	J:31555	Stassen AP, Mamm Genome 1996 Jan;7(1):55-8	
OcB	4	10.61	D4Mit2	MGI:92830		O	.	O	O	O	O	O	O	O	O	O	O	O	O	O	B	O	O	O	J:31555	Stassen AP, Mamm Genome 1996 Jan;7(1):55-8	
OcB	4	16.92	D4Mit39	MGI:92871		O	.	O	B	O	B	O	O	O	.	O	.	O	O	O	B	O	O	.	J:31555	Stassen AP, Mamm Genome 1996 Jan;7(1):55-8	
OcB	4	20.11	D4Mit4	MGI:92872		O	O	O	B	O	B	O	O	O	O	O	O	O	O	O	B	O	O	O	J:31555	Stassen AP, Mamm Genome 1996 Jan;7(1):55-8	
OcB	4	23.7	D4Mit5	MGI:92883		O	O	O	B	O	B	O	O	O	O	O	O	O	O	O	B	O	O	O	J:31555	Stassen AP, Mamm Genome 1996 Jan;7(1):55-8	
OcB	4	24.28	D4Mit55	MGI:92889		O	O	O	B	O	B	O	O	O	O	O	O	O	.	O	B	O	O	O	J:31555	Stassen AP, Mamm Genome 1996 Jan;7(1):55-8	
OcB	4	25.15	D4Mit53	MGI:92887		O	O	O	B	O	B	O	O	O	O	O	O	O	O	O	O	O	O	O	J:31555	Stassen AP, Mamm Genome 1996 Jan;7(1):55-8	
OcB	4	28.75	D4Mit184	MGI:92813		O	O	O	B	B	B	O	O	O	O	O	O	O	O	O	O	O	O	O	J:31555	Stassen AP, Mamm Genome 1996 Jan;7(1):55-8	
OcB	4	32.54	D4Mit164	MGI:92791		O	O	O	B	O	B	O	O	O	.	.	O	O	O	O	O	O	O	.	J:31555	Stassen AP, Mamm Genome 1996 Jan;7(1):55-8	
OcB	4	42.13	D4Mit27	MGI:92863		O	O	O	B	O	B	O	O	O	O	O	O	O	O	O	B	O	O	O	J:31555	Stassen AP, Mamm Genome 1996 Jan;7(1):55-8	
OcB	4	43.3	D4Mit145	MGI:92770		O	O	O	B	O	.	O	O	O	O	O	O	.	.	.	.	O	O	O	J:31555	Stassen AP, Mamm Genome 1996 Jan;7(1):55-8	
OcB	4	43.34	D4Mit9	MGI:92926		O	O	O	B	O	B	O	O	O	O	O	O	O	O	O	B	O	O	O	J:31555	Stassen AP, Mamm Genome 1996 Jan;7(1):55-8	
OcB	4	45.6	D4Mit28	MGI:92864		O	O	O	O	O	B	O	O	O	O	O	O	O	O	O	Z	O	O	O	J:31555	Stassen AP, Mamm Genome 1996 Jan;7(1):55-8	
OcB	4	47.39	D4Mit167	MGI:92794		O	O	O	O	O	B	O	O	O	O	O	O	O	O	O	.	O	.	.	J:31555	Stassen AP, Mamm Genome 1996 Jan;7(1):55-8	
OcB	4	50.04	D4Mit31	MGI:92866		O	O	O	O	O	O	O	O	O	O	O	O	O	O	O	O	.	O	O	J:31555	Stassen AP, Mamm Genome 1996 Jan;7(1):55-8	
OcB	4	53.43	D4Mit37	MGI:92869		O	O	O	O	O	O	O	O	O	O	O	B	O	O	O	.	O	O	O	J:31555	Stassen AP, Mamm Genome 1996 Jan;7(1):55-8	
OcB	4	57.41	D4Mit11	MGI:92731		O	O	O	O	O	O	O	O	B	O	B	O	O	O	O	Z	O	O	O	J:31555	Stassen AP, Mamm Genome 1996 Jan;7(1):55-8	
OcB	4	57.76	D4Mit12	MGI:92742		.	O	O	O	O	O	O	O	B	O	B	B	O	O	O	Z	O	O	O	J:31555	Stassen AP, Mamm Genome 1996 Jan;7(1):55-8	
OcB	4	57.9	D4Nds2	MGI:93040		O	.	O	O	O	O	O	O	B	O	B	B	O	O	O	B	O	O	O	J:31555	Stassen AP, Mamm Genome 1996 Jan;7(1):55-8	
OcB	4	61.56	D4Mit40	MGI:92873		O	O	O	O	O	O	O	O	B	B	B	B	O	O	O	B	O	O	O	J:31555	Stassen AP, Mamm Genome 1996 Jan;7(1):55-8	
OcB	4	61.67	D4Mit16	MGI:92786		O	O	O	O	O	O	O	O	B	B	B	B	O	O	O	B	O	O	O	J:31555	Stassen AP, Mamm Genome 1996 Jan;7(1):55-8	
OcB	4	62.53	D4Mit72	MGI:92908		O	O	O	O	O	O	O	O	B	B	O	B	O	O	O	B	O	O	O	J:31555	Stassen AP, Mamm Genome 1996 Jan;7(1):55-8	
OcB	4	67.01	D4Mit70	MGI:92906		O	O	O	O	O	O	O	O	B	O	O	B	O	O	O	B	O	O	O	J:31555	Stassen AP, Mamm Genome 1996 Jan;7(1):55-8	
OcB	4	68.55	D4Mit69	MGI:92904		O	O	O	O	O	O	O	O	B	O	O	B	O	O	O	Z	O	O	O	J:31555	Stassen AP, Mamm Genome 1996 Jan;7(1):55-8	
OcB	4	70.02	D4Mit158	MGI:92784		O	O	O	O	O	O	O	O	B	O	O	O	O	O	O	O	O	O	O	J:31555	Stassen AP, Mamm Genome 1996 Jan;7(1):55-8	
OcB	4	70.02	D4Mit54	MGI:92888		O	O	O	O	O	O	O	O	B	O	O	O	O	O	O	O	O	O	O	J:31555	Stassen AP, Mamm Genome 1996 Jan;7(1):55-8	
OcB	4	70.47	D4Mit170	MGI:92798		O	O	O	O	O	O	O	O	B	O	O	O	.	O	O	O	O	O	O	J:31555	Stassen AP, Mamm Genome 1996 Jan;7(1):55-8	
OcB	4	72.89	D4Mit179	MGI:92807		O	O	O	O	O	B	O	O	B	O	O	O	O	O	O	O	O	O	O	J:31555	Stassen AP, Mamm Genome 1996 Jan;7(1):55-8	
OcB	4	74.75	D4Mit32	MGI:92867		O	O	O	O	O	B	O	O	B	O	O	O	O	O	O	O	O	O	O	J:31555	Stassen AP, Mamm Genome 1996 Jan;7(1):55-8	
OcB	4	75.67	D4Mit13	MGI:92753		O	O	O	O	O	B	O	O	B	O	O	O	O	O	O	O	O	O	O	J:31555	Stassen AP, Mamm Genome 1996 Jan;7(1):55-8	
OcB	4	75.77	D4Mit126	MGI:92749		O	O	O	O	O	B	O	O	B	O	O	O	O	O	O	O	O	O	O	J:31555	Stassen AP, Mamm Genome 1996 Jan;7(1):55-8	
OcB	4	78.87	D4Mit129	MGI:92752		O	O	O	O	O	B	O	O	B	O	O	O	O	O	O	O	O	O	O	J:31555	Stassen AP, Mamm Genome 1996 Jan;7(1):55-8	
OcB	4	82.64	D4Mit42	MGI:92875		O	B	O	O	O	O	O	O	O	B	O	O	O	O	B	B	O	O	O	J:31555	Stassen AP, Mamm Genome 1996 Jan;7(1):55-8	
OcB	4	86.17	D4Mit51	MGI:92885		O	B	O	O	O	O	O	O	O	B	O	O	O	O	B	B	.	O	.	J:31555	Stassen AP, Mamm Genome 1996 Jan;7(1):55-8	
OcB	5	3.37	D5Mit145	MGI:93218		O	O	O	O	O	O	O	O	O	O	O	O	O	O	O	O	O	O	O	J:31555	Stassen AP, Mamm Genome 1996 Jan;7(1):55-8	
OcB	5	10.81	D5Mit179	MGI:93255		O	O	O	O	O	O	O	O	O	O	O	O	O	O	O	O	O	O	O	J:31555	Stassen AP, Mamm Genome 1996 Jan;7(1):55-8	
OcB	5	26.89	D5Mit54	MGI:93354		O	O	O	O	O	O	O	O	O	O	O	O	O	O	O	O	O	O	O	J:31555	Stassen AP, Mamm Genome 1996 Jan;7(1):55-8	
OcB	5	29.12	D5Mit183	MGI:93260		O	O	O	O	O	O	O	O	O	O	O	O	O	O	O	O	O	O	O	J:31555	Stassen AP, Mamm Genome 1996 Jan;7(1):55-8	
OcB	5	30.83	D5Mit184	MGI:93261		O	O	O	O	O	O	B	O	O	O	O	O	O	O	O	O	O	O	O	J:31555	Stassen AP, Mamm Genome 1996 Jan;7(1):55-8	
OcB	5	32.8	Pgm1	MGI:97564		O	O	O	O	O	O	O	O	O	O	.	.	.	.	.	.	.	.	O	J:31555	Stassen AP, Mamm Genome 1996 Jan;7(1):55-8	
OcB	5	37.13	D5Mit185	MGI:93262		O	O	O	O	O	O	.	O	O	O	B	O	O	O	O	O	O	O	O	J:31555	Stassen AP, Mamm Genome 1996 Jan;7(1):55-8	
OcB	5	38.44	D5Mit58	MGI:93357		O	O	O	O	O	O	O	O	O	O	B	O	O	O	O	O	O	O	O	J:31555	Stassen AP, Mamm Genome 1996 Jan;7(1):55-8	
OcB	5	41.19	D5Mit112	MGI:93182		O	O	O	O	O	O	O	O	O	O	O	O	O	O	O	O	O	O	O	J:31555	Stassen AP, Mamm Genome 1996 Jan;7(1):55-8	
OcB	5	42.62	D5Mit114	MGI:93184		O	O	O	O	O	O	B	O	O	O	O	O	O	O	O	O	O	O	O	J:31555	Stassen AP, Mamm Genome 1996 Jan;7(1):55-8	
OcB	5	43.56	D5Mit12	MGI:93190		O	O	O	O	O	O	O	O	O	O	O	O	O	O	O	O	O	O	O	J:31555	Stassen AP, Mamm Genome 1996 Jan;7(1):55-8	
OcB	5	44.78	D5Mit6	MGI:93359		O	O	O	O	O	O	O	O	O	O	O	O	O	O	O	O	O	O	O	J:31555	Stassen AP, Mamm Genome 1996 Jan;7(1):55-8	
OcB	5	47.29	D5Mit19	MGI:93267		O	O	O	O	O	O	O	O	O	O	O	O	O	.	O	O	O	O	O	J:31555	Stassen AP, Mamm Genome 1996 Jan;7(1):55-8	
OcB	5	47.29	D5Mit7	MGI:93370		.	O	O	O	O	O	O	O	O	O	O	O	O	O	O	O	O	O	O	J:31555	Stassen AP, Mamm Genome 1996 Jan;7(1):55-8	
OcB	5	50.64	D5Mit10	MGI:93168		O	O	O	O	O	O	B	O	O	O	O	O	O	O	O	O	O	O	O	J:31555	Stassen AP, Mamm Genome 1996 Jan;7(1):55-8	
OcB	5	52.15	D5Mit175	MGI:93251		O	O	O	O	O	O	B	O	O	O	O	O	O	O	O	O	O	O	O	J:31555	Stassen AP, Mamm Genome 1996 Jan;7(1):55-8	
OcB	5	57.51	D5Mit188	MGI:93265		O	O	O	O	O	O	B	O	O	O	O	O	O	O	O	O	O	O	O	J:31555	Stassen AP, Mamm Genome 1996 Jan;7(1):55-8	
OcB	5	68.35	D5Mit27	MGI:93331		O	O	O	O	O	B	O	O	O	O	B	O	O	B	O	O	O	O	O	J:31555	Stassen AP, Mamm Genome 1996 Jan;7(1):55-8	
OcB	5	70.17	D5Mit164	MGI:93239		O	O	O	O	O	B	O	O	O	O	B	O	O	B	O	O	.	B	O	J:31555	Stassen AP, Mamm Genome 1996 Jan;7(1):55-8	
OcB	5	70.66	D5Mit29	MGI:93332		O	O	O	O	O	B	O	O	O	O	B	O	O	B	O	O	O	O	O	J:31555	Stassen AP, Mamm Genome 1996 Jan;7(1):55-8	
OcB	5	77.1	D5Mit31	MGI:93335		O	O	O	O	O	B	O	O	O	X	X	O	O	B	O	O	O	O	O	J:31555	Stassen AP, Mamm Genome 1996 Jan;7(1):55-8	
OcB	5	80.16	D5Mit101	MGI:93170		O	O	O	O	O	B	O	O	O	B	O	O	O	B	O	O	O	O	O	J:31555	Stassen AP, Mamm Genome 1996 Jan;7(1):55-8	
OcB	5	84.59	D5Mit191	MGI:93269		O	O	O	O	O	B	O	O	O	B	O	O	O	B	O	O	O	O	O	J:31555	Stassen AP, Mamm Genome 1996 Jan;7(1):55-8	
OcB	6	-1.0	D6Mit25	MGI:93658		O	O	O	O	O	O	O	O	O	O	O	O	O	O	B	O	O	O	O	J:31555	Stassen AP, Mamm Genome 1996 Jan;7(1):55-8	
OcB	6	1.81	D6Mit86	MGI:93719		O	O	O	O	O	O	O	O	O	O	O	.	.	O	.	O	O	O	O	J:31555	Stassen AP, Mamm Genome 1996 Jan;7(1):55-8	
OcB	6	6.68	D6Mit1	MGI:93523		.	O	O	O	O	O	O	O	.	B	O	B	O	O	O	O	O	O	O	J:31555	Stassen AP, Mamm Genome 1996 Jan;7(1):55-8	
OcB	6	11.91	D6Mit158	MGI:93588		O	O	O	B	O	O	O	O	O	B	O	O	O	O	O	O	O	O	O	J:31555	Stassen AP, Mamm Genome 1996 Jan;7(1):55-8	
OcB	6	12.15	D6Mit160	MGI:93591		O	O	O	B	O	O	O	B	O	B	O	O	O	O	O	O	O	O	O	J:31555	Stassen AP, Mamm Genome 1996 Jan;7(1):55-8	
OcB	6	12.75	D6Mit48	MGI:93679		O	O	O	B	O	O	O	B	O	B	O	O	O	O	B	O	O	O	O	J:31555	Stassen AP, Mamm Genome 1996 Jan;7(1):55-8	
OcB	6	28.17	D6Mit122	MGI:93549		B	O	O	O	O	O	O	B	O	B	O	.	.	O	B	O	O	O	O	J:31555	Stassen AP, Mamm Genome 1996 Jan;7(1):55-8	
OcB	6	34.48	D6Mit19	MGI:93622		O	O	.	O	O	.	O	B	O	B	O	B	O	O	.	.	.	.	.	J:31555	Stassen AP, Mamm Genome 1996 Jan;7(1):55-8	
OcB	6	34.81	D6Mit3	MGI:93661		O	O	O	O	O	O	O	B	O	B	O	Z	O	O	B	O	O	O	O	J:31555	Stassen AP, Mamm Genome 1996 Jan;7(1):55-8	
OcB	6	35.16	D6Mit4	MGI:93671		O	O	O	O	O	O	O	B	O	B	O	Z	O	O	B	O	O	O	O	J:31555	Stassen AP, Mamm Genome 1996 Jan;7(1):55-8	
OcB	6	35.94	D6Mit8	MGI:93712		.	O	O	O	O	O	O	B	O	B	O	Z	O	O	B	O	O	O	O	J:31555	Stassen AP, Mamm Genome 1996 Jan;7(1):55-8	
OcB	6	36.34	D6Mit21	MGI:93643		O	O	O	O	O	O	O	B	B	B	O	B	O	O	B	O	O	O	O	J:31555	Stassen AP, Mamm Genome 1996 Jan;7(1):55-8	
OcB	6	37.15	D6Mit22	MGI:93654		O	O	O	.	O	O	O	B	O	B	O	B	O	O	B	O	O	O	O	J:31555	Stassen AP, Mamm Genome 1996 Jan;7(1):55-8	
OcB	6	37.75	D6Mit29	MGI:93660		O	O	O	O	O	O	O	B	O	B	O	B	O	O	B	O	O	O	O	J:31555	Stassen AP, Mamm Genome 1996 Jan;7(1):55-8	
OcB	6	41.25	D6Mit31	MGI:93663		O	O	O	O	O	O	O	B	B	B	O	O	O	O	B	O	O	O	O	J:31555	Stassen AP, Mamm Genome 1996 Jan;7(1):55-8	
OcB	6	45.03	D6Mit67	MGI:93699		O	O	O	O	O	O	O	B	B	B	O	O	O	O	B	.	O	.	.	J:31555	Stassen AP, Mamm Genome 1996 Jan;7(1):55-8	
OcB	6	48.93	D6Mit36	MGI:93667		O	O	O	O	O	O	O	O	B	B	O	Z	O	O	B	O	O	O	O	J:31555	Stassen AP, Mamm Genome 1996 Jan;7(1):55-8	
OcB	6	48.93	D6Mit37	MGI:93668		O	O	O	.	O	O	O	O	B	B	O	O	O	O	B	O	O	.	O	J:31555	Stassen AP, Mamm Genome 1996 Jan;7(1):55-8	
OcB	6	52.75	D6Mit10	MGI:93524		O	O	O	O	O	O	O	O	O	O	O	Z	O	O	B	O	.	O	O	J:31555	Stassen AP, Mamm Genome 1996 Jan;7(1):55-8	
OcB	6	52.79	D6Mit11	MGI:93535		O	O	O	O	O	O	O	O	O	O	O	Z	O	O	B	O	O	O	O	J:31555	Stassen AP, Mamm Genome 1996 Jan;7(1):55-8	
OcB	6	53.72	D6Mit44	MGI:93676		O	O	O	O	O	O	O	O	O	O	O	O	O	O	B	O	O	O	O	J:31555	Stassen AP, Mamm Genome 1996 Jan;7(1):55-8	
OcB	6	62.56	D6Mit52	MGI:93684		O	O	O	O	O	O	O	O	B	O	O	O	O	O	B	O	O	O	O	J:31555	Stassen AP, Mamm Genome 1996 Jan;7(1):55-8	
OcB	6	63.04	D6Mit61	MGI:93693		O	O	O	O	O	O	O	O	B	O	O	O	O	O	B	O	O	O	O	J:31555	Stassen AP, Mamm Genome 1996 Jan;7(1):55-8	
OcB	6	64.03	D6Mit13	MGI:93557		O	O	O	O	O	O	O	O	.	O	O	O	O	O	B	.	.	O	.	J:31555	Stassen AP, Mamm Genome 1996 Jan;7(1):55-8	
OcB	6	69.36	D6Mit59	MGI:93690		O	.	O	O	O	O	O	O	O	O	O	O	O	O	B	O	O	O	O	J:31555	Stassen AP, Mamm Genome 1996 Jan;7(1):55-8	
OcB	6	77.64	D6Mit14	MGI:93568		O	O	O	O	O	B	O	O	O	O	O	O	O	O	B	O	O	O	O	J:31555	Stassen AP, Mamm Genome 1996 Jan;7(1):55-8	
OcB	6	77.7	D6Mit15	MGI:93579		O	O	O	O	O	B	O	O	O	O	O	O	O	O	B	O	O	O	O	J:31555	Stassen AP, Mamm Genome 1996 Jan;7(1):55-8	
OcB	7	-1.0	D7Mit1000	MGI:89448		O	O	O	O	O	O	O	O	.	O	O	O	O	O	B	O	O	O	O	J:31555	Stassen AP, Mamm Genome 1996 Jan;7(1):55-8	
OcB	7	-1.0	D7Mit142	MGI:93961		O	O	B	O	Z	O	O	O	O	O	O	O	O	O	O	Z	B	O	O	J:31555	Stassen AP, Mamm Genome 1996 Jan;7(1):55-8	
OcB	7	-1.0	D7Mit32a	MGI:94059		O	O	O	O	O	O	O	O	B	O	O	O	O	O	B	O	O	O	.	J:31555	Stassen AP, Mamm Genome 1996 Jan;7(1):55-8	
OcB	7	-1.0	D7Mit38	MGI:94065		O	O	O	O	O	O	O	O	B	O	O	O	O	O	B	O	O	O	O	J:31555	Stassen AP, Mamm Genome 1996 Jan;7(1):55-8	
OcB	7	-1.0	D7Mit71	MGI:94093		O	O	O	O	O	.	O	O	B	O	O	O	O	O	O	B	O	O	O	J:31555	Stassen AP, Mamm Genome 1996 Jan;7(1):55-8	
OcB	7	-1.0	D7Mit74a	MGI:94096		O	O	B	O	Z	O	O	O	O	O	O	O	O	O	O	B	B	O	O	J:31555	Stassen AP, Mamm Genome 1996 Jan;7(1):55-8	
OcB	7	-1.0	Hbb	MGI:96020		O	O	O	O	Z	O	O	O	B	O	.	.	.	.	.	.	.	.	O	J:31555	Stassen AP, Mamm Genome 1996 Jan;7(1):55-8	
OcB	7	9.69	D7Nds6	MGI:94195		O	O	B	O	B	O	O	O	O	O	O	O	O	O	O	Z	O	.	O	J:31555	Stassen AP, Mamm Genome 1996 Jan;7(1):55-8	
OcB	7	9.94	D7Mit57	MGI:94080		O	O	B	O	B	O	O	O	O	O	O	O	O	O	O	Z	O	O	O	J:31555	Stassen AP, Mamm Genome 1996 Jan;7(1):55-8	
OcB	7	19.37	D7Mit55	MGI:94078		.	O	.	O	O	O	O	O	O	O	O	O	O	O	O	B	O	B	O	J:31555	Stassen AP, Mamm Genome 1996 Jan;7(1):55-8	
OcB	7	23.35	D7Mit25	MGI:94052		O	O	O	O	B	O	.	O	Z	O	O	O	O	O	O	O	O	O	O	J:31555	Stassen AP, Mamm Genome 1996 Jan;7(1):55-8	
OcB	7	28.71	D7Nds5	MGI:94194		O	O	O	O	Z	O	O	O	Z	O	.	O	O	X	O	O	O	O	O	J:31555	Stassen AP, Mamm Genome 1996 Jan;7(1):55-8	
OcB	7	31.19	D7Mit69	MGI:94090		O	O	O	O	B	O	O	O	.	O	O	O	O	O	O	.	O	.	O	J:31555	Stassen AP, Mamm Genome 1996 Jan;7(1):55-8	
OcB	7	33.16	D7Mit120	MGI:93937		O	O	O	O	B	O	.	O	.	O	.	O	.	O	.	.	.	.	.	J:31555	Stassen AP, Mamm Genome 1996 Jan;7(1):55-8	
OcB	7	33.71	D7Mit160	MGI:93981		O	O	O	O	B	O	O	O	O	O	O	O	O	O	O	O	O	O	O	J:31555	Stassen AP, Mamm Genome 1996 Jan;7(1):55-8	
OcB	7	34.48	D7Mit176	MGI:93997		O	O	O	O	B	O	O	O	O	O	O	O	O	O	O	O	O	O	.	J:31555	Stassen AP, Mamm Genome 1996 Jan;7(1):55-8	
OcB	7	43.46	D7Nds1	MGI:94190		O	O	O	O	B	O	O	O	B	O	O	O	O	O	O	O	O	O	O	J:31555	Stassen AP, Mamm Genome 1996 Jan;7(1):55-8	
OcB	7	43.68	D7Nds2	MGI:94191		O	O	O	O	B	O	O	O	B	O	O	O	O	O	O	O	O	O	O	J:31555	Stassen AP, Mamm Genome 1996 Jan;7(1):55-8	
OcB	7	45.71	D7Mit30	MGI:94057		O	O	O	O	O	O	O	O	B	O	O	O	O	O	B	O	O	O	O	J:31555	Stassen AP, Mamm Genome 1996 Jan;7(1):55-8	
OcB	7	49.01	D7Mit31	MGI:94058		O	O	O	O	O	O	O	O	B	O	O	O	O	O	B	O	O	O	O	J:31555	Stassen AP, Mamm Genome 1996 Jan;7(1):55-8	
OcB	7	49.01	Tyr	MGI:98880		O	O	O	O	O	O	O	O	B	O	O	O	O	O	B	O	O	O	O	J:31555	Stassen AP, Mamm Genome 1996 Jan;7(1):55-8	
OcB	7	54.12	D7Mit39	MGI:94066		O	O	O	.	O	O	O	O	B	O	O	O	O	O	B	O	O	.	O	J:31555	Stassen AP, Mamm Genome 1996 Jan;7(1):55-8	
OcB	7	54.85	D7Mit37	MGI:94064		O	O	O	O	O	O	O	O	B	O	O	O	O	O	B	O	O	O	O	J:31555	Stassen AP, Mamm Genome 1996 Jan;7(1):55-8	
OcB	7	57.21	D7Mit17	MGI:93991		O	O	O	O	O	O	O	O	B	O	O	O	O	O	B	O	O	O	O	J:31555	Stassen AP, Mamm Genome 1996 Jan;7(1):55-8	
OcB	7	57.86	D7Mit53	MGI:94076		O	O	O	O	O	O	O	O	B	O	O	O	O	O	B	O	.	O	O	J:31555	Stassen AP, Mamm Genome 1996 Jan;7(1):55-8	
OcB	7	81.27	D7Mit13	MGI:93947		B	O	O	O	.	O	O	O	B	O	O	O	O	O	O	O	O	O	O	J:31555	Stassen AP, Mamm Genome 1996 Jan;7(1):55-8	
OcB	7	81.85	D7Mit12	MGI:93936		B	O	O	O	O	O	O	O	B	O	O	O	O	O	O	O	O	O	O	J:31555	Stassen AP, Mamm Genome 1996 Jan;7(1):55-8	
OcB	7	87.93	D7Mit14	MGI:93958		O	O	O	O	O	O	.	O	B	O	O	O	.	O	O	O	O	.	O	J:31555	Stassen AP, Mamm Genome 1996 Jan;7(1):55-8	
OcB	7	87.99	D7Mit46	MGI:94072		O	O	O	O	O	O	O	O	B	O	O	O	O	O	O	O	O	O	.	J:31555	Stassen AP, Mamm Genome 1996 Jan;7(1):55-8	
OcB	7	88.86	D7Nds4	MGI:94193		O	O	O	O	O	O	O	O	B	O	O	O	O	O	O	O	O	O	O	J:31555	Stassen AP, Mamm Genome 1996 Jan;7(1):55-8	
OcB	8	-1.0	D8Mit43	MGI:94408		O	O	B	O	O	O	O	O	B	B	O	O	O	O	O	B	O	O	O	J:31555	Stassen AP, Mamm Genome 1996 Jan;7(1):55-8	
OcB	8	-1.0	D8Mit44	MGI:94409		O	O	B	O	O	O	O	O	B	B	O	O	O	O	O	B	O	O	O	J:31555	Stassen AP, Mamm Genome 1996 Jan;7(1):55-8	
OcB	8	2.14	D8Mit155	MGI:94337		O	O	B	O	O	O	O	O	B	B	O	O	O	O	O	B	.	O	O	J:31555	Stassen AP, Mamm Genome 1996 Jan;7(1):55-8	
OcB	8	2.52	D8Mit58	MGI:94424		O	O	B	O	O	O	O	O	B	B	O	O	O	O	O	B	O	O	O	J:31555	Stassen AP, Mamm Genome 1996 Jan;7(1):55-8	
OcB	8	9.87	D8Mit21	MGI:94387		O	O	B	O	O	O	O	O	B	B	O	O	O	O	O	B	O	O	O	J:31555	Stassen AP, Mamm Genome 1996 Jan;7(1):55-8	
OcB	8	12.86	D8Mit3	MGI:94396		O	Z	B	O	O	O	O	O	B	B	O	O	O	O	O	B	O	O	O	J:31555	Stassen AP, Mamm Genome 1996 Jan;7(1):55-8	
OcB	8	16.6	D8Mit96	MGI:94466		O	O	B	O	O	O	O	O	B	B	O	O	O	.	O	B	O	O	O	J:31555	Stassen AP, Mamm Genome 1996 Jan;7(1):55-8	
OcB	8	21.16	D8Mit125	MGI:94304		O	O	O	O	O	O	O	O	B	O	O	O	O	O	O	B	O	O	O	J:31555	Stassen AP, Mamm Genome 1996 Jan;7(1):55-8	
OcB	8	23.89	D8Mit65	MGI:94432		O	O	O	O	O	O	O	O	B	O	O	O	O	O	O	O	O	O	O	J:31555	Stassen AP, Mamm Genome 1996 Jan;7(1):55-8	
OcB	8	30.82	D8Mit129	MGI:94308		O	O	O	O	O	O	O	O	O	O	O	O	O	O	B	O	O	O	.	J:31555	Stassen AP, Mamm Genome 1996 Jan;7(1):55-8	
OcB	8	34.43	D8Mit9	MGI:94459		O	O	O	O	O	O	O	O	O	O	O	O	O	O	B	O	O	O	B	J:31555	Stassen AP, Mamm Genome 1996 Jan;7(1):55-8	
OcB	8	35.65	D8Mit28	MGI:94394		O	O	O	O	O	O	O	O	O	O	O	O	O	O	B	O	O	O	B	J:31555	Stassen AP, Mamm Genome 1996 Jan;7(1):55-8	
OcB	8	39.59	D8Mit106	MGI:94283		O	O	O	O	O	B	O	O	O	O	O	O	O	O	O	O	.	.	.	J:31555	Stassen AP, Mamm Genome 1996 Jan;7(1):55-8	
OcB	8	43.51	D8Mit81	MGI:94450		O	O	O	O	O	O	O	O	O	O	O	O	O	O	B	O	O	O	B	J:31555	Stassen AP, Mamm Genome 1996 Jan;7(1):55-8	
OcB	8	44.99	Ces1c	MGI:95420		O	O	O	O	O	O	O	O	O	O	.	.	.	.	.	.	.	.	Z	J:31555	Stassen AP, Mamm Genome 1996 Jan;7(1):55-8	
OcB	8	46.33	D8Mit15	MGI:94331		O	O	O	O	O	O	O	O	O	O	O	O	O	O	B	B	O	O	O	J:31555	Stassen AP, Mamm Genome 1996 Jan;7(1):55-8	
OcB	8	53.24	D8Mit47	MGI:94412		O	O	O	.	O	O	O	O	O	B	O	O	O	B	B	O	O	O	O	J:31555	Stassen AP, Mamm Genome 1996 Jan;7(1):55-8	
OcB	8	61.34	D8Mit117	MGI:94295		O	O	O	B	O	O	O	O	O	B	O	O	O	B	O	O	O	O	.	J:31555	Stassen AP, Mamm Genome 1996 Jan;7(1):55-8	
OcB	8	62.82	D8Mit35	MGI:94402		B	O	O	B	O	O	O	O	O	B	O	O	O	B	O	O	O	O	O	J:31555	Stassen AP, Mamm Genome 1996 Jan;7(1):55-8	
OcB	8	70.47	D8Mit36	MGI:94403		B	O	O	B	O	O	O	O	O	O	B	O	O	B	B	O	O	O	O	J:31555	Stassen AP, Mamm Genome 1996 Jan;7(1):55-8	
OcB	8	76.14	D8Mit56	MGI:94422		B	O	O	O	O	O	O	O	O	B	O	O	B	O	O	O	O	O	B	J:31555	Stassen AP, Mamm Genome 1996 Jan;7(1):55-8	
OcB	9	-1.0	D9Mit15	MGI:94658		B	O	O	O	O	O	B	O	O	O	O	B	B	O	O	O	O	B	B	J:31555	Stassen AP, Mamm Genome 1996 Jan;7(1):55-8	
OcB	9	-1.0	D9Mit6	MGI:94751		.	O	O	O	B	O	O	O	O	B	B	B	O	O	O	O	O	.	.	J:31555	Stassen AP, Mamm Genome 1996 Jan;7(1):55-8	
OcB	9	-1.0	D9Mit9	MGI:94782		O	O	O	B	O	O	O	O	O	O	O	B	B	B	O	O	O	O	B	J:31555	Stassen AP, Mamm Genome 1996 Jan;7(1):55-8	
OcB	9	14.43	D9Mit42	MGI:94734		O	O	O	O	O	O	O	O	O	O	O	B	O	O	B	O	.	O	O	J:31555	Stassen AP, Mamm Genome 1996 Jan;7(1):55-8	
OcB	9	17.8	D9Mit90	MGI:94783		O	O	O	B	O	O	O	O	O	B	O	B	O	O	B	O	B	O	O	J:31555	Stassen AP, Mamm Genome 1996 Jan;7(1):55-8	
OcB	9	20.76	D9Mit2	MGI:94712		O	O	O	B	O	O	O	O	O	B	O	B	O	O	B	O	B	O	O	J:31555	Stassen AP, Mamm Genome 1996 Jan;7(1):55-8	
OcB	9	23.57	D9Mit45	MGI:94736		O	.	O	O	O	O	O	O	O	B	O	B	O	O	.	O	O	O	B	J:31555	Stassen AP, Mamm Genome 1996 Jan;7(1):55-8	
OcB	9	26.42	D9Mit154	MGI:94663		O	O	O	O	O	O	O	O	O	B	O	B	O	O	O	O	O	O	B	J:31555	Stassen AP, Mamm Genome 1996 Jan;7(1):55-8	
OcB	9	27.75	D9Mit27	MGI:94722		O	O	O	B	O	O	O	O	O	O	O	B	O	O	O	O	O	O	B	J:31555	Stassen AP, Mamm Genome 1996 Jan;7(1):55-8	
OcB	9	28.62	D9Mit4	MGI:94732		O	O	O	O	O	O	O	O	O	B	O	B	O	O	O	O	O	.	B	J:31555	Stassen AP, Mamm Genome 1996 Jan;7(1):55-8	
OcB	9	34.3	D9Mit31	MGI:94724		O	O	O	B	O	O	O	O	O	O	O	B	O	O	O	O	O	O	B	J:31555	Stassen AP, Mamm Genome 1996 Jan;7(1):55-8	
OcB	9	36.41	D9Mit32	MGI:94725		O	O	O	O	O	O	O	O	O	B	O	B	O	O	O	O	O	O	B	J:31555	Stassen AP, Mamm Genome 1996 Jan;7(1):55-8	
OcB	9	37.51	D9Mit165	MGI:94675		O	O	O	B	O	O	O	O	O	O	O	B	O	O	O	O	O	O	B	J:31555	Stassen AP, Mamm Genome 1996 Jan;7(1):55-8	
OcB	9	39.12	D9Mit54	MGI:94745		O	O	O	B	O	O	O	O	O	O	O	B	O	O	O	O	O	O	B	J:31555	Stassen AP, Mamm Genome 1996 Jan;7(1):55-8	
OcB	9	42.65	D9Mit8	MGI:94772		O	O	O	B	O	O	O	O	O	O	O	B	B	B	O	O	O	O	B	J:31555	Stassen AP, Mamm Genome 1996 Jan;7(1):55-8	
OcB	9	43.68	D9Nds2	MGI:94847		Z	O	O	B	O	O	O	O	O	O	O	B	B	B	O	O	O	.	.	J:31555	Stassen AP, Mamm Genome 1996 Jan;7(1):55-8	
OcB	9	46.55	D9Mit11	MGI:94617		O	O	O	B	O	.	O	O	O	O	O	.	B	B	O	O	O	O	B	J:31555	Stassen AP, Mamm Genome 1996 Jan;7(1):55-8	
OcB	9	47.35	D9Mit10	MGI:94611		O	O	O	B	O	O	O	O	O	O	O	B	B	B	O	O	.	O	Z	J:31555	Stassen AP, Mamm Genome 1996 Jan;7(1):55-8	
OcB	9	51.41	D9Mit35	MGI:94728		O	O	O	B	O	O	O	O	O	O	O	B	B	B	O	O	.	O	B	J:31555	Stassen AP, Mamm Genome 1996 Jan;7(1):55-8	
OcB	9	52.24	D9Mit12	MGI:94627		O	O	O	.	O	O	O	O	O	O	O	.	B	B	O	O	O	O	B	J:31555	Stassen AP, Mamm Genome 1996 Jan;7(1):55-8	
OcB	9	52.64	D9Mit36	MGI:94729		O	O	O	B	O	O	O	O	O	O	O	B	B	B	O	O	O	O	B	J:31555	Stassen AP, Mamm Genome 1996 Jan;7(1):55-8	
OcB	9	55.07	D9Mit24	MGI:94719		B	O	O	B	O	O	O	O	O	O	O	B	B	B	O	O	O	O	B	J:31555	Stassen AP, Mamm Genome 1996 Jan;7(1):55-8	
OcB	9	60.68	D9Mit37a	MGI:94730		B	O	O	O	O	O	B	O	O	O	O	B	B	O	O	O	O	B	B	J:31555	Stassen AP, Mamm Genome 1996 Jan;7(1):55-8	
OcB	9	60.79	D9Mit38	MGI:94731		B	O	O	O	O	O	B	O	O	O	O	B	B	O	O	O	O	B	B	J:31555	Stassen AP, Mamm Genome 1996 Jan;7(1):55-8	
OcB	9	65.48	D9Mit16	MGI:94669		B	O	O	O	O	O	B	O	O	O	O	B	B	O	Z	O	.	B	B	J:31555	Stassen AP, Mamm Genome 1996 Jan;7(1):55-8	
OcB	X	-1.0	DXMit24	MGI:95096		O	O	O	O	O	O	O	O	O	O	O	O	O	O	O	O	O	O	O	J:31555	Stassen AP, Mamm Genome 1996 Jan;7(1):55-8	
OcB	X	37.29	DXMit1.1	MGI:95058		O	O	O	O	O	O	O	O	O	O	O	O	O	O	O	O	O	O	O	J:31555	Stassen AP, Mamm Genome 1996 Jan;7(1):55-8	
OcB	X	46.26	DXNds3	MGI:95189		O	O	O	O	O	O	O	O	O	O	O	O	O	O	O	O	O	O	O	J:31555	Stassen AP, Mamm Genome 1996 Jan;7(1):55-8	
OcB	X	47.36	DXMit64	MGI:95139		O	O	O	O	O	O	O	O	O	B	O	O	O	O	O	O	.	O	O	J:31555	Stassen AP, Mamm Genome 1996 Jan;7(1):55-8	
OcB	X	53.17	DXMit79	MGI:95155		O	O	O	O	O	.	O	O	O	B	O	O	O	O	O	O	O	.	.	J:31555	Stassen AP, Mamm Genome 1996 Jan;7(1):55-8	
